Archive member included to satisfy reference by file (symbol)

/home/mastermatheus/opt/xPacks/@xpack-dev-tools/arm-none-eabi-gcc/9.2.1-1.1.1/.content/bin/../lib/gcc/arm-none-eabi/9.2.1/../../../../arm-none-eabi/lib/thumb/v7e-m/nofp/libg_nano.a(lib_a-atoi.o)
                              ./src/main.o (atoi)
/home/mastermatheus/opt/xPacks/@xpack-dev-tools/arm-none-eabi-gcc/9.2.1-1.1.1/.content/bin/../lib/gcc/arm-none-eabi/9.2.1/../../../../arm-none-eabi/lib/thumb/v7e-m/nofp/libg_nano.a(lib_a-ctype_.o)
                              ./system/src/newlib/_syscalls.o (_ctype_)
/home/mastermatheus/opt/xPacks/@xpack-dev-tools/arm-none-eabi-gcc/9.2.1-1.1.1/.content/bin/../lib/gcc/arm-none-eabi/9.2.1/../../../../arm-none-eabi/lib/thumb/v7e-m/nofp/libg_nano.a(lib_a-errno.o)
                              ./system/src/newlib/_sbrk.o (__errno)
/home/mastermatheus/opt/xPacks/@xpack-dev-tools/arm-none-eabi-gcc/9.2.1-1.1.1/.content/bin/../lib/gcc/arm-none-eabi/9.2.1/../../../../arm-none-eabi/lib/thumb/v7e-m/nofp/libg_nano.a(lib_a-findfp.o)
                              ./system/src/newlib/_syscalls.o (__sinit)
/home/mastermatheus/opt/xPacks/@xpack-dev-tools/arm-none-eabi-gcc/9.2.1-1.1.1/.content/bin/../lib/gcc/arm-none-eabi/9.2.1/../../../../arm-none-eabi/lib/thumb/v7e-m/nofp/libg_nano.a(lib_a-fwalk.o)
                              /home/mastermatheus/opt/xPacks/@xpack-dev-tools/arm-none-eabi-gcc/9.2.1-1.1.1/.content/bin/../lib/gcc/arm-none-eabi/9.2.1/../../../../arm-none-eabi/lib/thumb/v7e-m/nofp/libg_nano.a(lib_a-findfp.o) (_fwalk)
/home/mastermatheus/opt/xPacks/@xpack-dev-tools/arm-none-eabi-gcc/9.2.1-1.1.1/.content/bin/../lib/gcc/arm-none-eabi/9.2.1/../../../../arm-none-eabi/lib/thumb/v7e-m/nofp/libg_nano.a(lib_a-impure.o)
                              /home/mastermatheus/opt/xPacks/@xpack-dev-tools/arm-none-eabi-gcc/9.2.1-1.1.1/.content/bin/../lib/gcc/arm-none-eabi/9.2.1/../../../../arm-none-eabi/lib/thumb/v7e-m/nofp/libg_nano.a(lib_a-findfp.o) (_global_impure_ptr)
/home/mastermatheus/opt/xPacks/@xpack-dev-tools/arm-none-eabi-gcc/9.2.1-1.1.1/.content/bin/../lib/gcc/arm-none-eabi/9.2.1/../../../../arm-none-eabi/lib/thumb/v7e-m/nofp/libg_nano.a(lib_a-lock.o)
                              /home/mastermatheus/opt/xPacks/@xpack-dev-tools/arm-none-eabi-gcc/9.2.1-1.1.1/.content/bin/../lib/gcc/arm-none-eabi/9.2.1/../../../../arm-none-eabi/lib/thumb/v7e-m/nofp/libg_nano.a(lib_a-findfp.o) (__retarget_lock_init_recursive)
/home/mastermatheus/opt/xPacks/@xpack-dev-tools/arm-none-eabi-gcc/9.2.1-1.1.1/.content/bin/../lib/gcc/arm-none-eabi/9.2.1/../../../../arm-none-eabi/lib/thumb/v7e-m/nofp/libg_nano.a(lib_a-memset.o)
                              ./system/src/newlib/_syscalls.o (memset)
/home/mastermatheus/opt/xPacks/@xpack-dev-tools/arm-none-eabi-gcc/9.2.1-1.1.1/.content/bin/../lib/gcc/arm-none-eabi/9.2.1/../../../../arm-none-eabi/lib/thumb/v7e-m/nofp/libg_nano.a(lib_a-nano-mallocr.o)
                              /home/mastermatheus/opt/xPacks/@xpack-dev-tools/arm-none-eabi-gcc/9.2.1-1.1.1/.content/bin/../lib/gcc/arm-none-eabi/9.2.1/../../../../arm-none-eabi/lib/thumb/v7e-m/nofp/libg_nano.a(lib_a-findfp.o) (_malloc_r)
/home/mastermatheus/opt/xPacks/@xpack-dev-tools/arm-none-eabi-gcc/9.2.1-1.1.1/.content/bin/../lib/gcc/arm-none-eabi/9.2.1/../../../../arm-none-eabi/lib/thumb/v7e-m/nofp/libg_nano.a(lib_a-sbrkr.o)
                              /home/mastermatheus/opt/xPacks/@xpack-dev-tools/arm-none-eabi-gcc/9.2.1-1.1.1/.content/bin/../lib/gcc/arm-none-eabi/9.2.1/../../../../arm-none-eabi/lib/thumb/v7e-m/nofp/libg_nano.a(lib_a-nano-mallocr.o) (_sbrk_r)
/home/mastermatheus/opt/xPacks/@xpack-dev-tools/arm-none-eabi-gcc/9.2.1-1.1.1/.content/bin/../lib/gcc/arm-none-eabi/9.2.1/../../../../arm-none-eabi/lib/thumb/v7e-m/nofp/libg_nano.a(lib_a-stdio.o)
                              /home/mastermatheus/opt/xPacks/@xpack-dev-tools/arm-none-eabi-gcc/9.2.1-1.1.1/.content/bin/../lib/gcc/arm-none-eabi/9.2.1/../../../../arm-none-eabi/lib/thumb/v7e-m/nofp/libg_nano.a(lib_a-findfp.o) (__sread)
/home/mastermatheus/opt/xPacks/@xpack-dev-tools/arm-none-eabi-gcc/9.2.1-1.1.1/.content/bin/../lib/gcc/arm-none-eabi/9.2.1/../../../../arm-none-eabi/lib/thumb/v7e-m/nofp/libg_nano.a(lib_a-strcmp.o)
                              ./system/src/cortexm/exception_handlers.o (strcmp)
/home/mastermatheus/opt/xPacks/@xpack-dev-tools/arm-none-eabi-gcc/9.2.1-1.1.1/.content/bin/../lib/gcc/arm-none-eabi/9.2.1/../../../../arm-none-eabi/lib/thumb/v7e-m/nofp/libg_nano.a(lib_a-strlen.o)
                              ./system/src/newlib/_syscalls.o (strlen)
/home/mastermatheus/opt/xPacks/@xpack-dev-tools/arm-none-eabi-gcc/9.2.1-1.1.1/.content/bin/../lib/gcc/arm-none-eabi/9.2.1/../../../../arm-none-eabi/lib/thumb/v7e-m/nofp/libg_nano.a(lib_a-strncpy.o)
                              ./system/src/newlib/_syscalls.o (strncpy)
[...]
Memory Configuration

Name             Origin             Length             Attributes
RAM              0x0000000020000000 0x0000000000010000 xrw
CCMRAM           0x0000000010000000 0x0000000000000000 xrw
FLASH            0x0000000008000000 0x0000000000040000 xr
FLASHB1          0x0000000000000000 0x0000000000000000 xr
EXTMEMB0         0x0000000000000000 0x0000000000000000 xr
EXTMEMB1         0x0000000000000000 0x0000000000000000 xr
EXTMEMB2         0x0000000000000000 0x0000000000000000 xr
EXTMEMB3         0x0000000000000000 0x0000000000000000 xr
*default*        0x0000000000000000 0xffffffffffffffff

Linker script and memory map

LOAD ./system/src/stm32f4-hal/stm32f4xx_hal.o
LOAD ./system/src/stm32f4-hal/stm32f4xx_hal_cortex.o
LOAD ./system/src/stm32f4-hal/stm32f4xx_hal_dfsdm.o
LOAD ./system/src/stm32f4-hal/stm32f4xx_hal_flash.o
LOAD ./system/src/stm32f4-hal/stm32f4xx_hal_gpio.o
LOAD ./system/src/stm32f4-hal/stm32f4xx_hal_iwdg.o
LOAD ./system/src/stm32f4-hal/stm32f4xx_hal_pwr.o
LOAD ./system/src/stm32f4-hal/stm32f4xx_hal_rcc.o
LOAD ./system/src/newlib/_cxx.o
LOAD ./system/src/newlib/_exit.o
LOAD ./system/src/newlib/_sbrk.o
LOAD ./system/src/newlib/_startup.o
LOAD ./system/src/newlib/_syscalls.o
LOAD ./system/src/newlib/assert.o
LOAD ./system/src/diag/Trace.o
LOAD ./system/src/diag/trace_impl.o
LOAD ./system/src/cortexm/_initialize_hardware.o
LOAD ./system/src/cortexm/_reset_hardware.o
LOAD ./system/src/cortexm/exception_handlers.o
LOAD ./system/src/cmsis/system_stm32f4xx.o
LOAD ./system/src/cmsis/vectors_stm32f401xc.o
LOAD ./src/_initialize_hardware.o
LOAD ./src/_write.o
LOAD ./src/main.o
LOAD ./src/stm32f401_clock.o
LOAD ./src/stm32f401_gpio.o
LOAD ./src/stm32f401_led.o
LOAD ./src/stm32f401_register.o
LOAD ./src/stm32f401_timer.o
LOAD ./src/stm32f4xx_hal_msp.o
LOAD /home/mastermatheus/opt/xPacks/@xpack-dev-tools/arm-none-eabi-gcc/9.2.1-1.1.1/.content/bin/../lib/gcc/arm-none-eabi/9.2.1/../../../../arm-none-eabi/lib/thumb/v7e-m/nofp/libstdc++_nano.a
LOAD /home/mastermatheus/opt/xPacks/@xpack-dev-tools/arm-none-eabi-gcc/9.2.1-1.1.1/.content/bin/../lib/gcc/arm-none-eabi/9.2.1/../../../../arm-none-eabi/lib/thumb/v7e-m/nofp/libm.a
START GROUP
LOAD /home/mastermatheus/opt/xPacks/@xpack-dev-tools/arm-none-eabi-gcc/9.2.1-1.1.1/.content/bin/../lib/gcc/arm-none-eabi/9.2.1/thumb/v7e-m/nofp/libgcc.a
LOAD /home/mastermatheus/opt/xPacks/@xpack-dev-tools/arm-none-eabi-gcc/9.2.1-1.1.1/.content/bin/../lib/gcc/arm-none-eabi/9.2.1/../../../../arm-none-eabi/lib/thumb/v7e-m/nofp/libg_nano.a
LOAD /home/mastermatheus/opt/xPacks/@xpack-dev-tools/arm-none-eabi-gcc/9.2.1-1.1.1/.content/bin/../lib/gcc/arm-none-eabi/9.2.1/../../../../arm-none-eabi/lib/thumb/v7e-m/nofp/libc_nano.a
END GROUP
START GROUP
LOAD /home/mastermatheus/opt/xPacks/@xpack-dev-tools/arm-none-eabi-gcc/9.2.1-1.1.1/.content/bin/../lib/gcc/arm-none-eabi/9.2.1/thumb/v7e-m/nofp/libgcc.a
LOAD /home/mastermatheus/opt/xPacks/@xpack-dev-tools/arm-none-eabi-gcc/9.2.1-1.1.1/.content/bin/../lib/gcc/arm-none-eabi/9.2.1/../../../../arm-none-eabi/lib/thumb/v7e-m/nofp/libc_nano.a
END GROUP
                0x0000000020010000                __stack = (ORIGIN (RAM) + LENGTH (RAM))
                0x0000000020010000                _estack = __stack
                0x0000000000000400                __Main_Stack_Size = 0x400
                [!provide]                        PROVIDE (_Main_Stack_Size = __Main_Stack_Size)
                0x000000002000fc00                __Main_Stack_Limit = (__stack - __Main_Stack_Size)
                [!provide]                        PROVIDE (_Main_Stack_Limit = __Main_Stack_Limit)
                0x0000000000000100                _Minimum_Stack_Size = 0x100
                0x0000000020000240                PROVIDE (_Heap_Begin = _end_noinit)
                0x000000002000fc00                PROVIDE (_Heap_Limit = (__stack - __Main_Stack_Size))

.isr_vector     0x0000000008000000      0x3f4
 FILL mask 0xff
                0x0000000008000000                __vectors_start = ABSOLUTE (.)
                0x0000000008000000                __vectors_start__ = ABSOLUTE (.)
 *(.isr_vector)
 .isr_vector    0x0000000008000000      0x194 ./system/src/cmsis/vectors_stm32f401xc.o
                0x0000000008000000                __isr_vectors
 *(.cfmconfig)
 *(.after_vectors .after_vectors.*)
 .after_vectors
                0x0000000008000194      0x130 ./system/src/newlib/_startup.o
                0x0000000008000194                _start
 .after_vectors
                0x00000000080002c4      0x12c ./system/src/cortexm/exception_handlers.o
                0x00000000080002c4                Reset_Handler
                0x00000000080002ca                NMI_Handler
                0x00000000080002ce                HardFault_Handler
                0x00000000080002e2                HardFault_Handler_C
                0x0000000008000340                MemManage_Handler
                0x0000000008000344                BusFault_Handler
                0x0000000008000358                BusFault_Handler_C
                0x000000000800038c                UsageFault_Handler
                0x00000000080003a0                UsageFault_Handler_C
                0x00000000080003d4                SVC_Handler
                0x00000000080003d8                DebugMon_Handler
                0x00000000080003dc                PendSV_Handler
 .after_vectors
                0x00000000080003f0        0x4 ./system/src/cmsis/vectors_stm32f401xc.o
                0x00000000080003f0                RTC_Alarm_IRQHandler
                0x00000000080003f0                EXTI2_IRQHandler
                0x00000000080003f0                SPI4_IRQHandler
                0x00000000080003f0                TIM1_CC_IRQHandler
                0x00000000080003f0                DMA2_Stream5_IRQHandler
                0x00000000080003f0                DMA1_Stream5_IRQHandler
                0x00000000080003f0                PVD_IRQHandler
                0x00000000080003f0                SDIO_IRQHandler
                0x00000000080003f0                TAMP_STAMP_IRQHandler
                0x00000000080003f0                EXTI3_IRQHandler
                0x00000000080003f0                TIM1_UP_TIM10_IRQHandler
                0x00000000080003f0                I2C3_ER_IRQHandler
                0x00000000080003f0                EXTI0_IRQHandler
                0x00000000080003f0                I2C2_EV_IRQHandler
                0x00000000080003f0                DMA1_Stream2_IRQHandler
                0x00000000080003f0                FPU_IRQHandler
                0x00000000080003f0                DMA2_Stream2_IRQHandler
                0x00000000080003f0                SPI1_IRQHandler
                0x00000000080003f0                TIM1_BRK_TIM9_IRQHandler
                0x00000000080003f0                DMA2_Stream3_IRQHandler
                0x00000000080003f0                USART6_IRQHandler
                0x00000000080003f0                DMA2_Stream0_IRQHandler
                0x00000000080003f0                TIM4_IRQHandler
                0x00000000080003f0                I2C1_EV_IRQHandler
                0x00000000080003f0                DMA1_Stream6_IRQHandler
                0x00000000080003f0                DMA1_Stream1_IRQHandler
                0x00000000080003f0                TIM3_IRQHandler
                0x00000000080003f0                RCC_IRQHandler
                0x00000000080003f0                Default_Handler
                0x00000000080003f0                EXTI15_10_IRQHandler
                0x00000000080003f0                ADC_IRQHandler
                0x00000000080003f0                DMA1_Stream7_IRQHandler
                0x00000000080003f0                TIM5_IRQHandler
                0x00000000080003f0                DMA2_Stream7_IRQHandler
                0x00000000080003f0                I2C3_EV_IRQHandler
                0x00000000080003f0                EXTI9_5_IRQHandler
                0x00000000080003f0                RTC_WKUP_IRQHandler
                0x00000000080003f0                SPI2_IRQHandler
                0x00000000080003f0                DMA1_Stream0_IRQHandler
                0x00000000080003f0                EXTI4_IRQHandler
                0x00000000080003f0                WWDG_IRQHandler
                0x00000000080003f0                TIM2_IRQHandler
                0x00000000080003f0                OTG_FS_WKUP_IRQHandler
                0x00000000080003f0                TIM1_TRG_COM_TIM11_IRQHandler
                0x00000000080003f0                EXTI1_IRQHandler
                0x00000000080003f0                USART2_IRQHandler
                0x00000000080003f0                I2C2_ER_IRQHandler
                0x00000000080003f0                DMA2_Stream1_IRQHandler
                0x00000000080003f0                FLASH_IRQHandler
                0x00000000080003f0                DMA2_Stream4_IRQHandler
                0x00000000080003f0                USART1_IRQHandler
                0x00000000080003f0                OTG_FS_IRQHandler
                0x00000000080003f0                SPI3_IRQHandler
                0x00000000080003f0                DMA1_Stream4_IRQHandler
                0x00000000080003f0                I2C1_ER_IRQHandler
                0x00000000080003f0                DMA2_Stream6_IRQHandler
                0x00000000080003f0                DMA1_Stream3_IRQHandler

.inits          0x00000000080003f4       0x28
                0x00000000080003f4                __data_regions_array_start = .
                0x00000000080003f4        0x4 LONG 0x80025a4 LOADADDR (.data)
                0x00000000080003f8        0x4 LONG 0x20000000 ADDR (.data)
                0x00000000080003fc        0x4 LONG 0x20000070 (ADDR (.data) + SIZEOF (.data))
                0x0000000008000400        0x4 LONG 0x80025a4 LOADADDR (.data_CCMRAM)
                0x0000000008000404        0x4 LONG 0x10000000 ADDR (.data_CCMRAM)
                0x0000000008000408        0x4 LONG 0x10000000 (ADDR (.data_CCMRAM) + SIZEOF (.data_CCMRAM))
                0x000000000800040c                __data_regions_array_end = .
                0x000000000800040c                __bss_regions_array_start = .
                0x000000000800040c        0x4 LONG 0x20000070 ADDR (.bss)
                0x0000000008000410        0x4 LONG 0x20000240 (ADDR (.bss) + SIZEOF (.bss))
                0x0000000008000414        0x4 LONG 0x10000000 ADDR (.bss_CCMRAM)
                0x0000000008000418        0x4 LONG 0x10000000 (ADDR (.bss_CCMRAM) + SIZEOF (.bss_CCMRAM))
                0x000000000800041c                __bss_regions_array_end = .
 *(.init)
 *(.fini)
                0x000000000800041c                . = ALIGN (0x4)
                0x000000000800041c                PROVIDE (__preinit_array_start = .)
 *(.preinit_array_sysinit .preinit_array_sysinit.*)
 *(.preinit_array_platform .preinit_array_platform.*)
 *(.preinit_array .preinit_array.*)
                0x000000000800041c                PROVIDE (__preinit_array_end = .)
                0x000000000800041c                . = ALIGN (0x4)
                0x000000000800041c                PROVIDE (__init_array_start = .)
 *(SORT_BY_NAME(.init_array.*))
 *(.init_array)
                0x000000000800041c                PROVIDE (__init_array_end = .)
                0x000000000800041c                . = ALIGN (0x4)
                0x000000000800041c                PROVIDE (__fini_array_start = .)
 *(SORT_BY_NAME(.fini_array.*))
 *(.fini_array)
                0x000000000800041c                PROVIDE (__fini_array_end = .)

.flashtext
 *(.flashtext .flashtext.*)

.text           0x0000000008000420     0x2183
 *(.text .text.*)
 .text.HAL_InitTick
                0x0000000008000420       0x2c ./system/src/stm32f4-hal/stm32f4xx_hal.o
                0x0000000008000420                HAL_InitTick
 .text.HAL_Init
                0x000000000800044c       0x34 ./system/src/stm32f4-hal/stm32f4xx_hal.o
                0x000000000800044c                HAL_Init
 .text.HAL_GetTick
                0x0000000008000480        0xc ./system/src/stm32f4-hal/stm32f4xx_hal.o
                0x0000000008000480                HAL_GetTick
 .text.HAL_NVIC_SetPriorityGrouping
                0x000000000800048c       0x3c ./system/src/stm32f4-hal/stm32f4xx_hal_cortex.o
                0x000000000800048c                HAL_NVIC_SetPriorityGrouping
 .text.HAL_NVIC_SetPriority
                0x00000000080004c8       0x8c ./system/src/stm32f4-hal/stm32f4xx_hal_cortex.o
                0x00000000080004c8                HAL_NVIC_SetPriority
 .text.HAL_SYSTICK_Config
                0x0000000008000554       0x2c ./system/src/stm32f4-hal/stm32f4xx_hal_cortex.o
                0x0000000008000554                HAL_SYSTICK_Config
 .text.HAL_SYSTICK_CLKSourceConfig
                0x0000000008000580       0x3c ./system/src/stm32f4-hal/stm32f4xx_hal_cortex.o
                0x0000000008000580                HAL_SYSTICK_CLKSourceConfig
 .text.HAL_GPIO_Init
                0x00000000080005bc      0x2a4 ./system/src/stm32f4-hal/stm32f4xx_hal_gpio.o
                0x00000000080005bc                HAL_GPIO_Init
 .text.HAL_GPIO_WritePin
                0x0000000008000860       0x38 ./system/src/stm32f4-hal/stm32f4xx_hal_gpio.o
                0x0000000008000860                HAL_GPIO_WritePin
 .text.HAL_RCC_OscConfig
                0x0000000008000898      0x43c ./system/src/stm32f4-hal/stm32f4xx_hal_rcc.o
                0x0000000008000898                HAL_RCC_OscConfig
 .text.HAL_RCC_GetSysClockFreq
                0x0000000008000cd4       0x94 ./system/src/stm32f4-hal/stm32f4xx_hal_rcc.o
                0x0000000008000cd4                HAL_RCC_GetSysClockFreq
 .text.HAL_RCC_ClockConfig
                0x0000000008000d68      0x258 ./system/src/stm32f4-hal/stm32f4xx_hal_rcc.o
                0x0000000008000d68                HAL_RCC_ClockConfig
 .text.HAL_RCC_GetHCLKFreq
                0x0000000008000fc0        0xc ./system/src/stm32f4-hal/stm32f4xx_hal_rcc.o
                0x0000000008000fc0                HAL_RCC_GetHCLKFreq
 .text.abort    0x0000000008000fcc       0x14 ./system/src/newlib/_exit.o
                0x0000000008000fcc                abort
 .text._sbrk    0x0000000008000fe0       0x44 ./system/src/newlib/_sbrk.o
                0x0000000008000fe0                _sbrk
 .text._exit    0x0000000008001024       0x20 ./system/src/newlib/_syscalls.o
                0x0000000008001024                _exit
 .text.initialise_monitor_handles
                0x0000000008001044       0xa8 ./system/src/newlib/_syscalls.o
                0x0000000008001044                initialise_monitor_handles
 .text.__initialize_args
                0x00000000080010ec       0xc0 ./system/src/newlib/_syscalls.o
                0x00000000080010ec                __initialize_args
 .text.assert_failed
                0x00000000080011ac       0x14 ./system/src/newlib/assert.o
                0x00000000080011ac                assert_failed
 .text.trace_printf
                0x00000000080011c0       0x34 ./system/src/diag/Trace.o
                0x00000000080011c0                trace_printf
 .text.trace_puts
                0x00000000080011f4       0x20 ./system/src/diag/Trace.o
                0x00000000080011f4                trace_puts
 .text._trace_write_semihosting_debug
                0x0000000008001214       0x60 ./system/src/diag/trace_impl.o
 .text.trace_write
                0x0000000008001274        0x8 ./system/src/diag/trace_impl.o
                0x0000000008001274                trace_write
 .text.__initialize_hardware_early
                0x000000000800127c       0x18 ./system/src/cortexm/_initialize_hardware.o
                0x000000000800127c                __initialize_hardware_early
 .text.dumpExceptionStack
                0x0000000008001294       0xf4 ./system/src/cortexm/exception_handlers.o
                0x0000000008001294                dumpExceptionStack
 .text.isSemihosting
                0x0000000008001388      0x100 ./system/src/cortexm/exception_handlers.o
                0x0000000008001388                isSemihosting
 .text.SystemInit
                0x0000000008001488       0x40 ./system/src/cmsis/system_stm32f4xx.o
                0x0000000008001488                SystemInit
 .text.SystemCoreClockUpdate
                0x00000000080014c8       0xa0 ./system/src/cmsis/system_stm32f4xx.o
                0x00000000080014c8                SystemCoreClockUpdate
 .text.SystemClock_Config
                0x0000000008001568       0x98 ./src/_initialize_hardware.o
                0x0000000008001568                SystemClock_Config
 .text.__initialize_hardware
                0x0000000008001600       0x10 ./src/_initialize_hardware.o
                0x0000000008001600                __initialize_hardware
 .text.main     0x0000000008001610       0x4e ./src/main.o
                0x0000000008001610                main
 *fill*         0x000000000800165e        0x2 
 .text.stm32f401_clock_anable_AHB1ENR
                0x0000000008001660       0x14 ./src/stm32f401_clock.o
                0x0000000008001660                stm32f401_clock_anable_AHB1ENR
 .text.stm32f401_gpio_clock_config
                0x0000000008001674        0x8 ./src/stm32f401_gpio.o
                0x0000000008001674                stm32f401_gpio_clock_config
 .text.stm32f401_led_init_native
                0x000000000800167c       0x54 ./src/stm32f401_led.o
                0x000000000800167c                stm32f401_led_init_native
 .text.stm32f401_led_set_status_native
                0x00000000080016d0       0x18 ./src/stm32f401_led.o
                0x00000000080016d0                stm32f401_led_set_status_native
 .text.stm32f401_timer_init
                0x00000000080016e8       0x40 ./src/stm32f401_timer.o
                0x00000000080016e8                stm32f401_timer_init
 .text.stm32f401_timer_ms_delay
                0x0000000008001728       0x14 ./src/stm32f401_timer.o
                0x0000000008001728                stm32f401_timer_ms_delay
 .text.stm32f401_timer_tick
                0x000000000800173c       0x14 ./src/stm32f401_timer.o
                0x000000000800173c                stm32f401_timer_tick
 .text.SysTick_Handler
                0x0000000008001750        0x8 ./src/stm32f401_timer.o
                0x0000000008001750                SysTick_Handler
 .text.HAL_MspInit
                0x0000000008001758        0x2 ./src/stm32f4xx_hal_msp.o
                0x0000000008001758                HAL_MspInit
 .text.atoi     0x000000000800175a        0x8 /home/mastermatheus/opt/xPacks/@xpack-dev-tools/arm-none-eabi-gcc/9.2.1-1.1.1/.content/bin/../lib/gcc/arm-none-eabi/9.2.1/../../../../arm-none-eabi/lib/thumb/v7e-m/nofp/libg_nano.a(lib_a-atoi.o)
                0x000000000800175a                atoi
 *fill*         0x0000000008001762        0x2 
 .text.__errno  0x0000000008001764        0xc /home/mastermatheus/opt/xPacks/@xpack-dev-tools/arm-none-eabi-gcc/9.2.1-1.1.1/.content/bin/../lib/gcc/arm-none-eabi/9.2.1/../../../../arm-none-eabi/lib/thumb/v7e-m/nofp/libg_nano.a(lib_a-errno.o)
                0x0000000008001764                __errno
 .text.__retarget_lock_acquire_recursive
                0x0000000008001770        0x2 /home/mastermatheus/opt/xPacks/@xpack-dev-tools/arm-none-eabi-gcc/9.2.1-1.1.1/.content/bin/../lib/gcc/arm-none-eabi/9.2.1/../../../../arm-none-eabi/lib/thumb/v7e-m/nofp/libg_nano.a(lib_a-lock.o)
                0x0000000008001770                __retarget_lock_acquire_recursive
 .text.__retarget_lock_release_recursive
                0x0000000008001772        0x2 /home/mastermatheus/opt/xPacks/@xpack-dev-tools/arm-none-eabi-gcc/9.2.1-1.1.1/.content/bin/../lib/gcc/arm-none-eabi/9.2.1/../../../../arm-none-eabi/lib/thumb/v7e-m/nofp/libg_nano.a(lib_a-lock.o)
                0x0000000008001772                __retarget_lock_release_recursive
 .text._malloc_r
                0x0000000008001774       0xb4 /home/mastermatheus/opt/xPacks/@xpack-dev-tools/arm-none-eabi-gcc/9.2.1-1.1.1/.content/bin/../lib/gcc/arm-none-eabi/9.2.1/../../../../arm-none-eabi/lib/thumb/v7e-m/nofp/libg_nano.a(lib_a-nano-mallocr.o)
                0x0000000008001774                _malloc_r
 .text._sbrk_r  0x0000000008001828       0x20 /home/mastermatheus/opt/xPacks/@xpack-dev-tools/arm-none-eabi-gcc/9.2.1-1.1.1/.content/bin/../lib/gcc/arm-none-eabi/9.2.1/../../../../arm-none-eabi/lib/thumb/v7e-m/nofp/libg_nano.a(lib_a-sbrkr.o)
                0x0000000008001828                _sbrk_r
 .text          0x0000000008001848       0x14 /home/mastermatheus/opt/xPacks/@xpack-dev-tools/arm-none-eabi-gcc/9.2.1-1.1.1/.content/bin/../lib/gcc/arm-none-eabi/9.2.1/../../../../arm-none-eabi/lib/thumb/v7e-m/nofp/libg_nano.a(lib_a-strcmp.o)
                0x0000000008001848                strcmp
 .text          0x000000000800185c       0x10 /home/mastermatheus/opt/xPacks/@xpack-dev-tools/arm-none-eabi-gcc/9.2.1-1.1.1/.content/bin/../lib/gcc/arm-none-eabi/9.2.1/../../../../arm-none-eabi/lib/thumb/v7e-m/nofp/libg_nano.a(lib_a-strlen.o)
                0x000000000800185c                strlen
 .text._strtol_l.isra.0
                0x000000000800186c       0xf4 /home/mastermatheus/opt/xPacks/@xpack-dev-tools/arm-none-eabi-gcc/9.2.1-1.1.1/.content/bin/../lib/gcc/arm-none-eabi/9.2.1/../../../../arm-none-eabi/lib/thumb/v7e-m/nofp/libg_nano.a(lib_a-strtol.o)
 .text.strtol   0x0000000008001960       0x14 /home/mastermatheus/opt/xPacks/@xpack-dev-tools/arm-none-eabi-gcc/9.2.1-1.1.1/.content/bin/../lib/gcc/arm-none-eabi/9.2.1/../../../../arm-none-eabi/lib/thumb/v7e-m/nofp/libg_nano.a(lib_a-strtol.o)
                0x0000000008001960                strtol
 .text._vsnprintf_r
                0x0000000008001974       0x58 /home/mastermatheus/opt/xPacks/@xpack-dev-tools/arm-none-eabi-gcc/9.2.1-1.1.1/.content/bin/../lib/gcc/arm-none-eabi/9.2.1/../../../../arm-none-eabi/lib/thumb/v7e-m/nofp/libg_nano.a(lib_a-vsnprintf.o)
                0x0000000008001974                _vsnprintf_r
                0x0000000008001974                _vsniprintf_r
 .text.vsnprintf
                0x00000000080019cc       0x1c /home/mastermatheus/opt/xPacks/@xpack-dev-tools/arm-none-eabi-gcc/9.2.1-1.1.1/.content/bin/../lib/gcc/arm-none-eabi/9.2.1/../../../../arm-none-eabi/lib/thumb/v7e-m/nofp/libg_nano.a(lib_a-vsnprintf.o)
                0x00000000080019cc                vsnprintf
                0x00000000080019cc                vsniprintf
 .text.__malloc_lock
                0x00000000080019e8        0xc /home/mastermatheus/opt/xPacks/@xpack-dev-tools/arm-none-eabi-gcc/9.2.1-1.1.1/.content/bin/../lib/gcc/arm-none-eabi/9.2.1/../../../../arm-none-eabi/lib/thumb/v7e-m/nofp/libg_nano.a(lib_a-mlock.o)
                0x00000000080019e8                __malloc_lock
 .text.__malloc_unlock
                0x00000000080019f4        0xc /home/mastermatheus/opt/xPacks/@xpack-dev-tools/arm-none-eabi-gcc/9.2.1-1.1.1/.content/bin/../lib/gcc/arm-none-eabi/9.2.1/../../../../arm-none-eabi/lib/thumb/v7e-m/nofp/libg_nano.a(lib_a-mlock.o)
                0x00000000080019f4                __malloc_unlock
 .text._free_r  0x0000000008001a00       0x9c /home/mastermatheus/opt/xPacks/@xpack-dev-tools/arm-none-eabi-gcc/9.2.1-1.1.1/.content/bin/../lib/gcc/arm-none-eabi/9.2.1/../../../../arm-none-eabi/lib/thumb/v7e-m/nofp/libg_nano.a(lib_a-nano-freer.o)
                0x0000000008001a00                _free_r
 .text.__ssputs_r
                0x0000000008001a9c       0xb6 /home/mastermatheus/opt/xPacks/@xpack-dev-tools/arm-none-eabi-gcc/9.2.1-1.1.1/.content/bin/../lib/gcc/arm-none-eabi/9.2.1/../../../../arm-none-eabi/lib/thumb/v7e-m/nofp/libg_nano.a(lib_a-nano-svfprintf.o)
                0x0000000008001a9c                __ssputs_r
 *fill*         0x0000000008001b52        0x2 
 .text._svfprintf_r
                0x0000000008001b54      0x200 /home/mastermatheus/opt/xPacks/@xpack-dev-tools/arm-none-eabi-gcc/9.2.1-1.1.1/.content/bin/../lib/gcc/arm-none-eabi/9.2.1/../../../../arm-none-eabi/lib/thumb/v7e-m/nofp/libg_nano.a(lib_a-nano-svfprintf.o)
                0x0000000008001b54                _svfprintf_r
                0x0000000008001b54                _svfiprintf_r
 .text._printf_common
                0x0000000008001d54       0xda /home/mastermatheus/opt/xPacks/@xpack-dev-tools/arm-none-eabi-gcc/9.2.1-1.1.1/.content/bin/../lib/gcc/arm-none-eabi/9.2.1/../../../../arm-none-eabi/lib/thumb/v7e-m/nofp/libg_nano.a(lib_a-nano-vfprintf_i.o)
                0x0000000008001d54                _printf_common
 *fill*         0x0000000008001e2e        0x2 
 .text._printf_i
                0x0000000008001e30      0x24c /home/mastermatheus/opt/xPacks/@xpack-dev-tools/arm-none-eabi-gcc/9.2.1-1.1.1/.content/bin/../lib/gcc/arm-none-eabi/9.2.1/../../../../arm-none-eabi/lib/thumb/v7e-m/nofp/libg_nano.a(lib_a-nano-vfprintf_i.o)
                0x0000000008001e30                _printf_i
 *fill*         0x000000000800207c        0x4 
 .text          0x0000000008002080       0xa0 /home/mastermatheus/opt/xPacks/@xpack-dev-tools/arm-none-eabi-gcc/9.2.1-1.1.1/.content/bin/../lib/gcc/arm-none-eabi/9.2.1/../../../../arm-none-eabi/lib/thumb/v7e-m/nofp/libg_nano.a(lib_a-memchr.o)
                0x0000000008002080                memchr
 .text.memcpy   0x0000000008002120       0x1c /home/mastermatheus/opt/xPacks/@xpack-dev-tools/arm-none-eabi-gcc/9.2.1-1.1.1/.content/bin/../lib/gcc/arm-none-eabi/9.2.1/../../../../arm-none-eabi/lib/thumb/v7e-m/nofp/libg_nano.a(lib_a-memcpy-stub.o)
                0x0000000008002120                memcpy
 .text.memmove  0x000000000800213c       0x34 /home/mastermatheus/opt/xPacks/@xpack-dev-tools/arm-none-eabi-gcc/9.2.1-1.1.1/.content/bin/../lib/gcc/arm-none-eabi/9.2.1/../../../../arm-none-eabi/lib/thumb/v7e-m/nofp/libg_nano.a(lib_a-memmove.o)
                0x000000000800213c                memmove
 .text._realloc_r
                0x0000000008002170       0x4c /home/mastermatheus/opt/xPacks/@xpack-dev-tools/arm-none-eabi-gcc/9.2.1-1.1.1/.content/bin/../lib/gcc/arm-none-eabi/9.2.1/../../../../arm-none-eabi/lib/thumb/v7e-m/nofp/libg_nano.a(lib_a-nano-reallocr.o)
                0x0000000008002170                _realloc_r
 .text._malloc_usable_size_r
                0x00000000080021bc       0x10 /home/mastermatheus/opt/xPacks/@xpack-dev-tools/arm-none-eabi-gcc/9.2.1-1.1.1/.content/bin/../lib/gcc/arm-none-eabi/9.2.1/../../../../arm-none-eabi/lib/thumb/v7e-m/nofp/libg_nano.a(lib_a-nano-msizer.o)
                0x00000000080021bc                _malloc_usable_size_r
 *(.rodata .rodata.* .constdata .constdata.*)
 .rodata.HAL_NVIC_SetPriorityGrouping.str1.4
                0x00000000080021cc       0x31 ./system/src/stm32f4-hal/stm32f4xx_hal_cortex.o
 *fill*         0x00000000080021fd        0x3 
 .rodata.HAL_GPIO_Init.str1.4
                0x0000000008002200       0x2f ./system/src/stm32f4-hal/stm32f4xx_hal_gpio.o
 *fill*         0x000000000800222f        0x1 
 .rodata.HAL_RCC_OscConfig.str1.4
                0x0000000008002230       0x2e ./system/src/stm32f4-hal/stm32f4xx_hal_rcc.o
 *fill*         0x000000000800225e        0x2 
 .rodata.APBAHBPrescTable
                0x0000000008002260       0x10 ./system/src/stm32f4-hal/stm32f4xx_hal_rcc.o
                0x0000000008002260                APBAHBPrescTable
 .rodata.abort.str1.4
                0x0000000008002270       0x14 ./system/src/newlib/_exit.o
 .rodata.initialise_monitor_handles.str1.4
                0x0000000008002284        0x4 ./system/src/newlib/_syscalls.o
 .rodata.assert_failed.str1.4
                0x0000000008002288       0x2b ./system/src/newlib/assert.o
 .rodata.trace_puts.str1.4
                0x00000000080022b3       0x2b ./system/src/diag/Trace.o
                                          0x2 (size before relaxing)
 *fill*         0x00000000080022b3        0x1 
 .rodata.dumpExceptionStack.str1.4
                0x00000000080022b4      0x11a ./system/src/cortexm/exception_handlers.o
 .rodata.isSemihosting.str1.4
                0x00000000080023ce        0x4 ./system/src/cortexm/exception_handlers.o
 *fill*         0x00000000080023ce        0x2 
 .rodata.str1.4
                0x00000000080023d0       0x2a ./system/src/cortexm/exception_handlers.o
 *fill*         0x00000000080023fa        0x2 
 .rodata.AHBPrescTable
                0x00000000080023fc       0x10 ./system/src/cmsis/system_stm32f4xx.o
                0x00000000080023fc                AHBPrescTable
 .rodata._ctype_
                0x000000000800240c      0x101 /home/mastermatheus/opt/xPacks/@xpack-dev-tools/arm-none-eabi-gcc/9.2.1-1.1.1/.content/bin/../lib/gcc/arm-none-eabi/9.2.1/../../../../arm-none-eabi/lib/thumb/v7e-m/nofp/libg_nano.a(lib_a-ctype_.o)
                0x000000000800240c                _ctype_
 *fill*         0x000000000800250d        0x3 
 .rodata.__sf_fake_stderr
                0x0000000008002510       0x20 /home/mastermatheus/opt/xPacks/@xpack-dev-tools/arm-none-eabi-gcc/9.2.1-1.1.1/.content/bin/../lib/gcc/arm-none-eabi/9.2.1/../../../../arm-none-eabi/lib/thumb/v7e-m/nofp/libg_nano.a(lib_a-findfp.o)
                0x0000000008002510                __sf_fake_stderr
 .rodata.__sf_fake_stdin
                0x0000000008002530       0x20 /home/mastermatheus/opt/xPacks/@xpack-dev-tools/arm-none-eabi-gcc/9.2.1-1.1.1/.content/bin/../lib/gcc/arm-none-eabi/9.2.1/../../../../arm-none-eabi/lib/thumb/v7e-m/nofp/libg_nano.a(lib_a-findfp.o)
                0x0000000008002530                __sf_fake_stdin
 .rodata.__sf_fake_stdout
                0x0000000008002550       0x20 /home/mastermatheus/opt/xPacks/@xpack-dev-tools/arm-none-eabi-gcc/9.2.1-1.1.1/.content/bin/../lib/gcc/arm-none-eabi/9.2.1/../../../../arm-none-eabi/lib/thumb/v7e-m/nofp/libg_nano.a(lib_a-findfp.o)
                0x0000000008002550                __sf_fake_stdout
 .rodata._svfprintf_r.str1.1
                0x0000000008002570       0x11 /home/mastermatheus/opt/xPacks/@xpack-dev-tools/arm-none-eabi-gcc/9.2.1-1.1.1/.content/bin/../lib/gcc/arm-none-eabi/9.2.1/../../../../arm-none-eabi/lib/thumb/v7e-m/nofp/libg_nano.a(lib_a-nano-svfprintf.o)
 .rodata._printf_i.str1.1
                0x0000000008002581       0x22 /home/mastermatheus/opt/xPacks/@xpack-dev-tools/arm-none-eabi-gcc/9.2.1-1.1.1/.content/bin/../lib/gcc/arm-none-eabi/9.2.1/../../../../arm-none-eabi/lib/thumb/v7e-m/nofp/libg_nano.a(lib_a-nano-vfprintf_i.o)
 *(vtable)
 *(.eh_frame*)
 *(.glue_7)
 .glue_7        0x00000000080025a3        0x0 linker stubs
 *(.glue_7t)
 .glue_7t       0x00000000080025a3        0x0 linker stubs

.vfp11_veneer   0x00000000080025a4        0x0
 .vfp11_veneer  0x00000000080025a4        0x0 linker stubs

.v4_bx          0x00000000080025a4        0x0
 .v4_bx         0x00000000080025a4        0x0 linker stubs

.iplt           0x00000000080025a4        0x0
 .iplt          0x00000000080025a4        0x0 ./system/src/stm32f4-hal/stm32f4xx_hal.o

.rel.dyn        0x00000000080025a4        0x0
 .rel.iplt      0x00000000080025a4        0x0 ./system/src/stm32f4-hal/stm32f4xx_hal.o

.ARM.extab
 *(.ARM.extab* .gnu.linkonce.armextab.*)
                0x00000000080025a4                . = ALIGN (0x4)
                0x00000000080025a4                __exidx_start = .

.ARM.exidx
 *(.ARM.exidx* .gnu.linkonce.armexidx.*)
                0x00000000080025a4                __exidx_end = .
                0x00000000080025a4                . = ALIGN (0x4)
                0x00000000080025a4                _etext = .
                0x00000000080025a4                __etext = .

.data_CCMRAM    0x0000000010000000        0x0 load address 0x00000000080025a4
 FILL mask 0xff
 *(.data.CCMRAM .data.CCMRAM.*)
                0x0000000010000000                . = ALIGN (0x4)
                0x00000000080025a4                _sidata = LOADADDR (.data)

.data           0x0000000020000000       0x70 load address 0x00000000080025a4
 FILL mask 0xff
                0x0000000020000000                _sdata = .
                0x0000000020000000                __data_start__ = .
 *(.data_begin .data_begin.*)
 .data_begin    0x0000000020000000        0x4 ./system/src/newlib/_startup.o
 *(.data .data.*)
 .data.SystemCoreClock
                0x0000000020000004        0x4 ./system/src/cmsis/system_stm32f4xx.o
                0x0000000020000004                SystemCoreClock
 .data._impure_ptr
                0x0000000020000008        0x4 /home/mastermatheus/opt/xPacks/@xpack-dev-tools/arm-none-eabi-gcc/9.2.1-1.1.1/.content/bin/../lib/gcc/arm-none-eabi/9.2.1/../../../../arm-none-eabi/lib/thumb/v7e-m/nofp/libg_nano.a(lib_a-impure.o)
                0x0000000020000008                _impure_ptr
 .data.impure_data
                0x000000002000000c       0x60 /home/mastermatheus/opt/xPacks/@xpack-dev-tools/arm-none-eabi-gcc/9.2.1-1.1.1/.content/bin/../lib/gcc/arm-none-eabi/9.2.1/../../../../arm-none-eabi/lib/thumb/v7e-m/nofp/libg_nano.a(lib_a-impure.o)
 *(.data_end .data_end.*)
 .data_end      0x000000002000006c        0x4 ./system/src/newlib/_startup.o
                0x0000000020000070                . = ALIGN (0x4)
                0x0000000020000070                _edata = .
                0x0000000020000070                __data_end__ = .

.igot.plt       0x0000000020000070        0x0 load address 0x0000000008002614
 .igot.plt      0x0000000020000070        0x0 ./system/src/stm32f4-hal/stm32f4xx_hal.o

.bss_CCMRAM     0x0000000010000000        0x0
 *(.bss.CCMRAM .bss.CCMRAM.*)

.bss            0x0000000020000070      0x1d0
                0x0000000020000070                __bss_start__ = .
                0x0000000020000070                _sbss = .
 *(.bss_begin .bss_begin.*)
 .bss_begin     0x0000000020000070        0x4 ./system/src/newlib/_startup.o
 *(.bss .bss.*)
 .bss.current_heap_end.4484
                0x0000000020000074        0x4 ./system/src/newlib/_sbrk.o
 .bss.args_buf.6432
                0x0000000020000078       0x50 ./system/src/newlib/_syscalls.o
 .bss.argv_buf.6433
                0x00000000200000c8       0x28 ./system/src/newlib/_syscalls.o
 .bss.monitor_stderr
                0x00000000200000f0        0x4 ./system/src/newlib/_syscalls.o
 .bss.monitor_stdin
                0x00000000200000f4        0x4 ./system/src/newlib/_syscalls.o
 .bss.monitor_stdout
                0x00000000200000f8        0x4 ./system/src/newlib/_syscalls.o
 .bss.openfiles
                0x00000000200000fc       0xa0 ./system/src/newlib/_syscalls.o
 .bss.buf.5728  0x000000002000019c       0x80 ./system/src/diag/Trace.o
 .bss.__malloc_free_list
                0x000000002000021c        0x4 /home/mastermatheus/opt/xPacks/@xpack-dev-tools/arm-none-eabi-gcc/9.2.1-1.1.1/.content/bin/../lib/gcc/arm-none-eabi/9.2.1/../../../../arm-none-eabi/lib/thumb/v7e-m/nofp/libg_nano.a(lib_a-nano-mallocr.o)
                0x000000002000021c                __malloc_free_list
 .bss.__malloc_sbrk_start
                0x0000000020000220        0x4 /home/mastermatheus/opt/xPacks/@xpack-dev-tools/arm-none-eabi-gcc/9.2.1-1.1.1/.content/bin/../lib/gcc/arm-none-eabi/9.2.1/../../../../arm-none-eabi/lib/thumb/v7e-m/nofp/libg_nano.a(lib_a-nano-mallocr.o)
                0x0000000020000220                __malloc_sbrk_start
 *(COMMON)
 COMMON         0x0000000020000224        0x4 ./system/src/stm32f4-hal/stm32f4xx_hal.o
                0x0000000020000224                uwTick
 COMMON         0x0000000020000228        0x4 ./system/src/newlib/_syscalls.o
                0x0000000020000228                errno
 COMMON         0x000000002000022c        0x4 ./src/stm32f401_timer.o
                0x000000002000022c                timer_delay_ms
 COMMON         0x0000000020000230        0x9 /home/mastermatheus/opt/xPacks/@xpack-dev-tools/arm-none-eabi-gcc/9.2.1-1.1.1/.content/bin/../lib/gcc/arm-none-eabi/9.2.1/../../../../arm-none-eabi/lib/thumb/v7e-m/nofp/libg_nano.a(lib_a-lock.o)
                0x0000000020000230                __lock___atexit_recursive_mutex
                0x0000000020000231                __lock___arc4random_mutex
                0x0000000020000232                __lock___env_recursive_mutex
                0x0000000020000233                __lock___sinit_recursive_mutex
                0x0000000020000234                __lock___malloc_recursive_mutex
                0x0000000020000235                __lock___at_quick_exit_mutex
                0x0000000020000236                __lock___dd_hash_mutex
                0x0000000020000237                __lock___tz_mutex
                0x0000000020000238                __lock___sfp_recursive_mutex
 *(.bss_end .bss_end.*)
 *fill*         0x0000000020000239        0x3 
 .bss_end       0x000000002000023c        0x4 ./system/src/newlib/_startup.o
                0x0000000020000240                . = ALIGN (0x4)
                0x0000000020000240                __bss_end__ = .
                0x0000000020000240                _ebss = .

.noinit_CCMRAM
 *(.noinit.CCMRAM .noinit.CCMRAM.*)

.noinit         0x0000000020000240        0x0
                0x0000000020000240                _noinit = .
 *(.noinit .noinit.*)
                0x0000000020000240                . = ALIGN (0x4)
                0x0000000020000240                _end_noinit = .
                [!provide]                        PROVIDE (end = _end_noinit)
                [!provide]                        PROVIDE (_end = _end_noinit)
                [!provide]                        PROVIDE (__end = _end_noinit)
                [!provide]                        PROVIDE (__end__ = _end_noinit)

._check_stack   0x0000000020000240      0x100
                0x0000000020000340                . = (. + _Minimum_Stack_Size)
 *fill*         0x0000000020000240      0x100 

.b1text
 *(.b1text)
 *(.b1rodata)
 *(.b1rodata.*)

.eb0text
 *(.eb0text)
 *(.eb0rodata)
 *(.eb0rodata.*)

.eb1text
 *(.eb1text)
 *(.eb1rodata)
 *(.eb1rodata.*)

.eb2text
 *(.eb2text)
 *(.eb2rodata)
 *(.eb2rodata.*)

.eb3text
 *(.eb3text)
 *(.eb3rodata)
 *(.eb3rodata.*)

.stab
 *(.stab)

.stabstr
 *(.stabstr)

.stab.excl
 *(.stab.excl)

.stab.exclstr
 *(.stab.exclstr)

.stab.index
 *(.stab.index)

.stab.indexstr
 *(.stab.indexstr)

.comment        0x0000000000000000       0x66
 *(.comment)
 .comment       0x0000000000000000       0x66 ./system/src/stm32f4-hal/stm32f4xx_hal.o
                                         0x67 (size before relaxing)
 .comment       0x0000000000000066       0x67 ./system/src/stm32f4-hal/stm32f4xx_hal_cortex.o
 .comment       0x0000000000000066       0x67 ./system/src/stm32f4-hal/stm32f4xx_hal_gpio.o
 .comment       0x0000000000000066       0x67 ./system/src/stm32f4-hal/stm32f4xx_hal_rcc.o
 .comment       0x0000000000000066       0x67 ./system/src/newlib/_exit.o
 .comment       0x0000000000000066       0x67 ./system/src/newlib/_sbrk.o
 .comment       0x0000000000000066       0x67 ./system/src/newlib/_startup.o
 .comment       0x0000000000000066       0x67 ./system/src/newlib/_syscalls.o
 .comment       0x0000000000000066       0x67 ./system/src/newlib/assert.o
 .comment       0x0000000000000066       0x67 ./system/src/diag/Trace.o
 .comment       0x0000000000000066       0x67 ./system/src/diag/trace_impl.o
 .comment       0x0000000000000066       0x67 ./system/src/cortexm/_initialize_hardware.o
 .comment       0x0000000000000066       0x67 ./system/src/cortexm/exception_handlers.o
 .comment       0x0000000000000066       0x67 ./system/src/cmsis/system_stm32f4xx.o
 .comment       0x0000000000000066       0x67 ./system/src/cmsis/vectors_stm32f401xc.o
 .comment       0x0000000000000066       0x67 ./src/_initialize_hardware.o
 .comment       0x0000000000000066       0x67 ./src/main.o
 .comment       0x0000000000000066       0x67 ./src/stm32f401_clock.o
 .comment       0x0000000000000066       0x67 ./src/stm32f401_gpio.o
 .comment       0x0000000000000066       0x67 ./src/stm32f401_led.o
 .comment       0x0000000000000066       0x67 ./src/stm32f401_timer.o
 .comment       0x0000000000000066       0x67 ./src/stm32f4xx_hal_msp.o

.ARM.attributes
                0x0000000000000000       0x2c
 .ARM.attributes
                0x0000000000000000       0x2e ./system/src/stm32f4-hal/stm32f4xx_hal.o
 .ARM.attributes
                0x000000000000002e       0x2e ./system/src/stm32f4-hal/stm32f4xx_hal_cortex.o
 .ARM.attributes
                0x000000000000005c       0x2e ./system/src/stm32f4-hal/stm32f4xx_hal_gpio.o
 .ARM.attributes
                0x000000000000008a       0x2e ./system/src/stm32f4-hal/stm32f4xx_hal_rcc.o
 .ARM.attributes
                0x00000000000000b8       0x2e ./system/src/newlib/_exit.o
 .ARM.attributes
                0x00000000000000e6       0x2e ./system/src/newlib/_sbrk.o
 .ARM.attributes
                0x0000000000000114       0x2e ./system/src/newlib/_startup.o
 .ARM.attributes
                0x0000000000000142       0x2e ./system/src/newlib/_syscalls.o
 .ARM.attributes
                0x0000000000000170       0x2e ./system/src/newlib/assert.o
 .ARM.attributes
                0x000000000000019e       0x2e ./system/src/diag/Trace.o
 .ARM.attributes
                0x00000000000001cc       0x2e ./system/src/diag/trace_impl.o
 .ARM.attributes
                0x00000000000001fa       0x2e ./system/src/cortexm/_initialize_hardware.o
 .ARM.attributes
                0x0000000000000228       0x2e ./system/src/cortexm/exception_handlers.o
 .ARM.attributes
                0x0000000000000256       0x2e ./system/src/cmsis/system_stm32f4xx.o
 .ARM.attributes
                0x0000000000000284       0x2e ./system/src/cmsis/vectors_stm32f401xc.o
 .ARM.attributes
                0x00000000000002b2       0x2e ./src/_initialize_hardware.o
 .ARM.attributes
                0x00000000000002e0       0x2e ./src/main.o
 .ARM.attributes
                0x000000000000030e       0x2e ./src/stm32f401_clock.o
 .ARM.attributes
                0x000000000000033c       0x2e ./src/stm32f401_gpio.o
 .ARM.attributes
                0x000000000000036a       0x2e ./src/stm32f401_led.o
 .ARM.attributes
                0x0000000000000398       0x2e ./src/stm32f401_timer.o
 .ARM.attributes
                0x00000000000003c6       0x2e ./src/stm32f4xx_hal_msp.o
 .ARM.attributes
                0x00000000000003f4       0x2e /home/mastermatheus/opt/xPacks/@xpack-dev-tools/arm-none-eabi-gcc/9.2.1-1.1.1/.content/bin/../lib/gcc/arm-none-eabi/9.2.1/../../../../arm-none-eabi/lib/thumb/v7e-m/nofp/libg_nano.a(lib_a-atoi.o)
 .ARM.attributes
                0x0000000000000422       0x2e /home/mastermatheus/opt/xPacks/@xpack-dev-tools/arm-none-eabi-gcc/9.2.1-1.1.1/.content/bin/../lib/gcc/arm-none-eabi/9.2.1/../../../../arm-none-eabi/lib/thumb/v7e-m/nofp/libg_nano.a(lib_a-ctype_.o)
 .ARM.attributes
                0x0000000000000450       0x2e /home/mastermatheus/opt/xPacks/@xpack-dev-tools/arm-none-eabi-gcc/9.2.1-1.1.1/.content/bin/../lib/gcc/arm-none-eabi/9.2.1/../../../../arm-none-eabi/lib/thumb/v7e-m/nofp/libg_nano.a(lib_a-errno.o)
 .ARM.attributes
                0x000000000000047e       0x2e /home/mastermatheus/opt/xPacks/@xpack-dev-tools/arm-none-eabi-gcc/9.2.1-1.1.1/.content/bin/../lib/gcc/arm-none-eabi/9.2.1/../../../../arm-none-eabi/lib/thumb/v7e-m/nofp/libg_nano.a(lib_a-findfp.o)
 .ARM.attributes
                0x00000000000004ac       0x2e /home/mastermatheus/opt/xPacks/@xpack-dev-tools/arm-none-eabi-gcc/9.2.1-1.1.1/.content/bin/../lib/gcc/arm-none-eabi/9.2.1/../../../../arm-none-eabi/lib/thumb/v7e-m/nofp/libg_nano.a(lib_a-impure.o)
 .ARM.attributes
                0x00000000000004da       0x2e /home/mastermatheus/opt/xPacks/@xpack-dev-tools/arm-none-eabi-gcc/9.2.1-1.1.1/.content/bin/../lib/gcc/arm-none-eabi/9.2.1/../../../../arm-none-eabi/lib/thumb/v7e-m/nofp/libg_nano.a(lib_a-lock.o)
 .ARM.attributes
                0x0000000000000508       0x2e /home/mastermatheus/opt/xPacks/@xpack-dev-tools/arm-none-eabi-gcc/9.2.1-1.1.1/.content/bin/../lib/gcc/arm-none-eabi/9.2.1/../../../../arm-none-eabi/lib/thumb/v7e-m/nofp/libg_nano.a(lib_a-nano-mallocr.o)
 .ARM.attributes
                0x0000000000000536       0x2e /home/mastermatheus/opt/xPacks/@xpack-dev-tools/arm-none-eabi-gcc/9.2.1-1.1.1/.content/bin/../lib/gcc/arm-none-eabi/9.2.1/../../../../arm-none-eabi/lib/thumb/v7e-m/nofp/libg_nano.a(lib_a-sbrkr.o)
 .ARM.attributes
                0x0000000000000564       0x1c /home/mastermatheus/opt/xPacks/@xpack-dev-tools/arm-none-eabi-gcc/9.2.1-1.1.1/.content/bin/../lib/gcc/arm-none-eabi/9.2.1/../../../../arm-none-eabi/lib/thumb/v7e-m/nofp/libg_nano.a(lib_a-strcmp.o)
 .ARM.attributes
                0x0000000000000580       0x17 /home/mastermatheus/opt/xPacks/@xpack-dev-tools/arm-none-eabi-gcc/9.2.1-1.1.1/.content/bin/../lib/gcc/arm-none-eabi/9.2.1/../../../../arm-none-eabi/lib/thumb/v7e-m/nofp/libg_nano.a(lib_a-strlen.o)
 .ARM.attributes
                0x0000000000000597       0x2e /home/mastermatheus/opt/xPacks/@xpack-dev-tools/arm-none-eabi-gcc/9.2.1-1.1.1/.content/bin/../lib/gcc/arm-none-eabi/9.2.1/../../../../arm-none-eabi/lib/thumb/v7e-m/nofp/libg_nano.a(lib_a-strtol.o)
 .ARM.attributes
                0x00000000000005c5       0x2e /home/mastermatheus/opt/xPacks/@xpack-dev-tools/arm-none-eabi-gcc/9.2.1-1.1.1/.content/bin/../lib/gcc/arm-none-eabi/9.2.1/../../../../arm-none-eabi/lib/thumb/v7e-m/nofp/libg_nano.a(lib_a-vsnprintf.o)
 .ARM.attributes
                0x00000000000005f3       0x2e /home/mastermatheus/opt/xPacks/@xpack-dev-tools/arm-none-eabi-gcc/9.2.1-1.1.1/.content/bin/../lib/gcc/arm-none-eabi/9.2.1/../../../../arm-none-eabi/lib/thumb/v7e-m/nofp/libg_nano.a(lib_a-mlock.o)
 .ARM.attributes
                0x0000000000000621       0x2e /home/mastermatheus/opt/xPacks/@xpack-dev-tools/arm-none-eabi-gcc/9.2.1-1.1.1/.content/bin/../lib/gcc/arm-none-eabi/9.2.1/../../../../arm-none-eabi/lib/thumb/v7e-m/nofp/libg_nano.a(lib_a-nano-freer.o)
 .ARM.attributes
                0x000000000000064f       0x2e /home/mastermatheus/opt/xPacks/@xpack-dev-tools/arm-none-eabi-gcc/9.2.1-1.1.1/.content/bin/../lib/gcc/arm-none-eabi/9.2.1/../../../../arm-none-eabi/lib/thumb/v7e-m/nofp/libg_nano.a(lib_a-nano-svfprintf.o)
 .ARM.attributes
                0x000000000000067d       0x2e /home/mastermatheus/opt/xPacks/@xpack-dev-tools/arm-none-eabi-gcc/9.2.1-1.1.1/.content/bin/../lib/gcc/arm-none-eabi/9.2.1/../../../../arm-none-eabi/lib/thumb/v7e-m/nofp/libg_nano.a(lib_a-nano-vfprintf_i.o)
 .ARM.attributes
                0x00000000000006ab       0x1c /home/mastermatheus/opt/xPacks/@xpack-dev-tools/arm-none-eabi-gcc/9.2.1-1.1.1/.content/bin/../lib/gcc/arm-none-eabi/9.2.1/../../../../arm-none-eabi/lib/thumb/v7e-m/nofp/libg_nano.a(lib_a-memchr.o)
 .ARM.attributes
                0x00000000000006c7       0x2e /home/mastermatheus/opt/xPacks/@xpack-dev-tools/arm-none-eabi-gcc/9.2.1-1.1.1/.content/bin/../lib/gcc/arm-none-eabi/9.2.1/../../../../arm-none-eabi/lib/thumb/v7e-m/nofp/libg_nano.a(lib_a-memcpy-stub.o)
 .ARM.attributes
                0x00000000000006f5       0x2e /home/mastermatheus/opt/xPacks/@xpack-dev-tools/arm-none-eabi-gcc/9.2.1-1.1.1/.content/bin/../lib/gcc/arm-none-eabi/9.2.1/../../../../arm-none-eabi/lib/thumb/v7e-m/nofp/libg_nano.a(lib_a-memmove.o)
 .ARM.attributes
                0x0000000000000723       0x2e /home/mastermatheus/opt/xPacks/@xpack-dev-tools/arm-none-eabi-gcc/9.2.1-1.1.1/.content/bin/../lib/gcc/arm-none-eabi/9.2.1/../../../../arm-none-eabi/lib/thumb/v7e-m/nofp/libg_nano.a(lib_a-nano-reallocr.o)
 .ARM.attributes
                0x0000000000000751       0x2e /home/mastermatheus/opt/xPacks/@xpack-dev-tools/arm-none-eabi-gcc/9.2.1-1.1.1/.content/bin/../lib/gcc/arm-none-eabi/9.2.1/../../../../arm-none-eabi/lib/thumb/v7e-m/nofp/libg_nano.a(lib_a-nano-msizer.o)

.debug
 *(.debug)

.line
 *(.line)

.debug_srcinfo
 *(.debug_srcinfo)

.debug_sfnames
 *(.debug_sfnames)

.debug_aranges  0x0000000000000000      0x698
 *(.debug_aranges)
 .debug_aranges
                0x0000000000000000       0xc0 ./system/src/stm32f4-hal/stm32f4xx_hal.o
 .debug_aranges
                0x00000000000000c0       0x98 ./system/src/stm32f4-hal/stm32f4xx_hal_cortex.o
 .debug_aranges
                0x0000000000000158       0x58 ./system/src/stm32f4-hal/stm32f4xx_hal_gpio.o
 .debug_aranges
                0x00000000000001b0       0x88 ./system/src/stm32f4-hal/stm32f4xx_hal_rcc.o
 .debug_aranges
                0x0000000000000238       0x28 ./system/src/newlib/_exit.o
 .debug_aranges
                0x0000000000000260       0x20 ./system/src/newlib/_sbrk.o
 .debug_aranges
                0x0000000000000280       0x40 ./system/src/newlib/_startup.o
 .debug_aranges
                0x00000000000002c0      0x120 ./system/src/newlib/_syscalls.o
 .debug_aranges
                0x00000000000003e0       0x28 ./system/src/newlib/assert.o
 .debug_aranges
                0x0000000000000408       0x38 ./system/src/diag/Trace.o
 .debug_aranges
                0x0000000000000440       0x30 ./system/src/diag/trace_impl.o
 .debug_aranges
                0x0000000000000470       0x28 ./system/src/cortexm/_initialize_hardware.o
 .debug_aranges
                0x0000000000000498       0x90 ./system/src/cortexm/exception_handlers.o
 .debug_aranges
                0x0000000000000528       0x28 ./system/src/cmsis/system_stm32f4xx.o
 .debug_aranges
                0x0000000000000550       0x20 ./system/src/cmsis/vectors_stm32f401xc.o
 .debug_aranges
                0x0000000000000570       0x28 ./src/_initialize_hardware.o
 .debug_aranges
                0x0000000000000598       0x20 ./src/main.o
 .debug_aranges
                0x00000000000005b8       0x20 ./src/stm32f401_clock.o
 .debug_aranges
                0x00000000000005d8       0x20 ./src/stm32f401_gpio.o
 .debug_aranges
                0x00000000000005f8       0x28 ./src/stm32f401_led.o
 .debug_aranges
                0x0000000000000620       0x40 ./src/stm32f401_timer.o
 .debug_aranges
                0x0000000000000660       0x38 ./src/stm32f4xx_hal_msp.o

.debug_pubnames
 *(.debug_pubnames)

.debug_info     0x0000000000000000    0x139fd
 *(.debug_info .gnu.linkonce.wi.*)
 .debug_info    0x0000000000000000     0x1190 ./system/src/stm32f4-hal/stm32f4xx_hal.o
 .debug_info    0x0000000000001190     0x1acb ./system/src/stm32f4-hal/stm32f4xx_hal_cortex.o
 .debug_info    0x0000000000002c5b     0x1235 ./system/src/stm32f4-hal/stm32f4xx_hal_gpio.o
 .debug_info    0x0000000000003e90     0x1971 ./system/src/stm32f4-hal/stm32f4xx_hal_rcc.o
 .debug_info    0x0000000000005801      0x9e7 ./system/src/newlib/_exit.o
 .debug_info    0x00000000000061e8      0x9d4 ./system/src/newlib/_sbrk.o
 .debug_info    0x0000000000006bbc      0x57f ./system/src/newlib/_startup.o
 .debug_info    0x000000000000713b     0x23a2 ./system/src/newlib/_syscalls.o
 .debug_info    0x00000000000094dd      0xac2 ./system/src/newlib/assert.o
 .debug_info    0x0000000000009f9f      0xbdb ./system/src/diag/Trace.o
 .debug_info    0x000000000000ab7a      0xc4a ./system/src/diag/trace_impl.o
 .debug_info    0x000000000000b7c4      0xba3 ./system/src/cortexm/_initialize_hardware.o
 .debug_info    0x000000000000c367     0x138e ./system/src/cortexm/exception_handlers.o
 .debug_info    0x000000000000d6f5      0xdfd ./system/src/cmsis/system_stm32f4xx.o
 .debug_info    0x000000000000e4f2       0xce ./system/src/cmsis/vectors_stm32f401xc.o
 .debug_info    0x000000000000e5c0      0xe28 ./src/_initialize_hardware.o
 .debug_info    0x000000000000f3e8      0xb16 ./src/main.o
 .debug_info    0x000000000000fefe      0xbdb ./src/stm32f401_clock.o
 .debug_info    0x0000000000010ad9      0x9fe ./src/stm32f401_gpio.o
 .debug_info    0x00000000000114d7      0xbcf ./src/stm32f401_led.o
 .debug_info    0x00000000000120a6      0xfa8 ./src/stm32f401_timer.o
 .debug_info    0x000000000001304e      0x9af ./src/stm32f4xx_hal_msp.o

.debug_abbrev   0x0000000000000000     0x3b58
 *(.debug_abbrev)
 .debug_abbrev  0x0000000000000000      0x37b ./system/src/stm32f4-hal/stm32f4xx_hal.o
 .debug_abbrev  0x000000000000037b      0x470 ./system/src/stm32f4-hal/stm32f4xx_hal_cortex.o
 .debug_abbrev  0x00000000000007eb      0x32f ./system/src/stm32f4-hal/stm32f4xx_hal_gpio.o
 .debug_abbrev  0x0000000000000b1a      0x3fb ./system/src/stm32f4-hal/stm32f4xx_hal_rcc.o
 .debug_abbrev  0x0000000000000f15      0x222 ./system/src/newlib/_exit.o
 .debug_abbrev  0x0000000000001137      0x232 ./system/src/newlib/_sbrk.o
 .debug_abbrev  0x0000000000001369      0x1fa ./system/src/newlib/_startup.o
 .debug_abbrev  0x0000000000001563      0x499 ./system/src/newlib/_syscalls.o
 .debug_abbrev  0x00000000000019fc      0x222 ./system/src/newlib/assert.o
 .debug_abbrev  0x0000000000001c1e      0x2c6 ./system/src/diag/Trace.o
 .debug_abbrev  0x0000000000001ee4      0x345 ./system/src/diag/trace_impl.o
 .debug_abbrev  0x0000000000002229      0x20a ./system/src/cortexm/_initialize_hardware.o
 .debug_abbrev  0x0000000000002433      0x3b1 ./system/src/cortexm/exception_handlers.o
 .debug_abbrev  0x00000000000027e4      0x250 ./system/src/cmsis/system_stm32f4xx.o
 .debug_abbrev  0x0000000000002a34       0xa5 ./system/src/cmsis/vectors_stm32f401xc.o
 .debug_abbrev  0x0000000000002ad9      0x25d ./src/_initialize_hardware.o
 .debug_abbrev  0x0000000000002d36      0x282 ./src/main.o
 .debug_abbrev  0x0000000000002fb8      0x217 ./src/stm32f401_clock.o
 .debug_abbrev  0x00000000000031cf      0x229 ./src/stm32f401_gpio.o
 .debug_abbrev  0x00000000000033f8      0x264 ./src/stm32f401_led.o
 .debug_abbrev  0x000000000000365c      0x323 ./src/stm32f401_timer.o
 .debug_abbrev  0x000000000000397f      0x1d9 ./src/stm32f4xx_hal_msp.o

.debug_line     0x0000000000000000     0xef3c
 *(.debug_line)
 .debug_line    0x0000000000000000      0xd19 ./system/src/stm32f4-hal/stm32f4xx_hal.o
 .debug_line    0x0000000000000d19     0x1047 ./system/src/stm32f4-hal/stm32f4xx_hal_cortex.o
 .debug_line    0x0000000000001d60     0x10a9 ./system/src/stm32f4-hal/stm32f4xx_hal_gpio.o
 .debug_line    0x0000000000002e09     0x1602 ./system/src/stm32f4-hal/stm32f4xx_hal_rcc.o
 .debug_line    0x000000000000440b      0x3ed ./system/src/newlib/_exit.o
 .debug_line    0x00000000000047f8      0x3d7 ./system/src/newlib/_sbrk.o
 .debug_line    0x0000000000004bcf      0x6d2 ./system/src/newlib/_startup.o
 .debug_line    0x00000000000052a1     0x11a4 ./system/src/newlib/_syscalls.o
 .debug_line    0x0000000000006445      0x432 ./system/src/newlib/assert.o
 .debug_line    0x0000000000006877      0x4c9 ./system/src/diag/Trace.o
 .debug_line    0x0000000000006d40      0xbcb ./system/src/diag/trace_impl.o
 .debug_line    0x000000000000790b      0xac6 ./system/src/cortexm/_initialize_hardware.o
 .debug_line    0x00000000000083d1      0xf2b ./system/src/cortexm/exception_handlers.o
 .debug_line    0x00000000000092fc      0xb89 ./system/src/cmsis/system_stm32f4xx.o
 .debug_line    0x0000000000009e85      0x2d8 ./system/src/cmsis/vectors_stm32f401xc.o
 .debug_line    0x000000000000a15d      0xb29 ./src/_initialize_hardware.o
 .debug_line    0x000000000000ac86      0xbb4 ./src/main.o
 .debug_line    0x000000000000b83a      0xab7 ./src/stm32f401_clock.o
 .debug_line    0x000000000000c2f1      0xac4 ./src/stm32f401_gpio.o
 .debug_line    0x000000000000cdb5      0xb57 ./src/stm32f401_led.o
 .debug_line    0x000000000000d90c      0xb79 ./src/stm32f401_timer.o
 .debug_line    0x000000000000e485      0xab7 ./src/stm32f4xx_hal_msp.o

.debug_frame    0x0000000000000000     0x1460
 *(.debug_frame)
 .debug_frame   0x0000000000000000      0x188 ./system/src/stm32f4-hal/stm32f4xx_hal.o
 .debug_frame   0x0000000000000188      0x17c ./system/src/stm32f4-hal/stm32f4xx_hal_cortex.o
 .debug_frame   0x0000000000000304       0xfc ./system/src/stm32f4-hal/stm32f4xx_hal_gpio.o
 .debug_frame   0x0000000000000400      0x13c ./system/src/stm32f4-hal/stm32f4xx_hal_rcc.o
 .debug_frame   0x000000000000053c       0x38 ./system/src/newlib/_exit.o
 .debug_frame   0x0000000000000574       0x28 ./system/src/newlib/_sbrk.o
 .debug_frame   0x000000000000059c       0x7c ./system/src/newlib/_startup.o
 .debug_frame   0x0000000000000618      0x3d8 ./system/src/newlib/_syscalls.o
 .debug_frame   0x00000000000009f0       0x40 ./system/src/newlib/assert.o
 .debug_frame   0x0000000000000a30       0x94 ./system/src/diag/Trace.o
 .debug_frame   0x0000000000000ac4       0x64 ./system/src/diag/trace_impl.o
 .debug_frame   0x0000000000000b28       0x40 ./system/src/cortexm/_initialize_hardware.o
 .debug_frame   0x0000000000000b68      0x164 ./system/src/cortexm/exception_handlers.o
 .debug_frame   0x0000000000000ccc       0x30 ./system/src/cmsis/system_stm32f4xx.o
 .debug_frame   0x0000000000000cfc       0x20 ./system/src/cmsis/vectors_stm32f401xc.o
 .debug_frame   0x0000000000000d1c       0x4c ./src/_initialize_hardware.o
 .debug_frame   0x0000000000000d68       0x2c ./src/main.o
 .debug_frame   0x0000000000000d94       0x20 ./src/stm32f401_clock.o
 .debug_frame   0x0000000000000db4       0x28 ./src/stm32f401_gpio.o
 .debug_frame   0x0000000000000ddc       0x48 ./src/stm32f401_led.o
 .debug_frame   0x0000000000000e24       0x70 ./src/stm32f401_timer.o
 .debug_frame   0x0000000000000e94       0x50 ./src/stm32f4xx_hal_msp.o
 .debug_frame   0x0000000000000ee4       0x30 /home/mastermatheus/opt/xPacks/@xpack-dev-tools/arm-none-eabi-gcc/9.2.1-1.1.1/.content/bin/../lib/gcc/arm-none-eabi/9.2.1/../../../../arm-none-eabi/lib/thumb/v7e-m/nofp/libg_nano.a(lib_a-atoi.o)
 .debug_frame   0x0000000000000f14       0x20 /home/mastermatheus/opt/xPacks/@xpack-dev-tools/arm-none-eabi-gcc/9.2.1-1.1.1/.content/bin/../lib/gcc/arm-none-eabi/9.2.1/../../../../arm-none-eabi/lib/thumb/v7e-m/nofp/libg_nano.a(lib_a-errno.o)
 .debug_frame   0x0000000000000f34      0x14c /home/mastermatheus/opt/xPacks/@xpack-dev-tools/arm-none-eabi-gcc/9.2.1-1.1.1/.content/bin/../lib/gcc/arm-none-eabi/9.2.1/../../../../arm-none-eabi/lib/thumb/v7e-m/nofp/libg_nano.a(lib_a-findfp.o)
 .debug_frame   0x0000000000001080       0xb0 /home/mastermatheus/opt/xPacks/@xpack-dev-tools/arm-none-eabi-gcc/9.2.1-1.1.1/.content/bin/../lib/gcc/arm-none-eabi/9.2.1/../../../../arm-none-eabi/lib/thumb/v7e-m/nofp/libg_nano.a(lib_a-lock.o)
 .debug_frame   0x0000000000001130       0x30 /home/mastermatheus/opt/xPacks/@xpack-dev-tools/arm-none-eabi-gcc/9.2.1-1.1.1/.content/bin/../lib/gcc/arm-none-eabi/9.2.1/../../../../arm-none-eabi/lib/thumb/v7e-m/nofp/libg_nano.a(lib_a-nano-mallocr.o)
 .debug_frame   0x0000000000001160       0x2c /home/mastermatheus/opt/xPacks/@xpack-dev-tools/arm-none-eabi-gcc/9.2.1-1.1.1/.content/bin/../lib/gcc/arm-none-eabi/9.2.1/../../../../arm-none-eabi/lib/thumb/v7e-m/nofp/libg_nano.a(lib_a-sbrkr.o)
 .debug_frame   0x000000000000118c       0x20 /home/mastermatheus/opt/xPacks/@xpack-dev-tools/arm-none-eabi-gcc/9.2.1-1.1.1/.content/bin/../lib/gcc/arm-none-eabi/9.2.1/../../../../arm-none-eabi/lib/thumb/v7e-m/nofp/libg_nano.a(lib_a-strcmp.o)
 .debug_frame   0x00000000000011ac       0x64 /home/mastermatheus/opt/xPacks/@xpack-dev-tools/arm-none-eabi-gcc/9.2.1-1.1.1/.content/bin/../lib/gcc/arm-none-eabi/9.2.1/../../../../arm-none-eabi/lib/thumb/v7e-m/nofp/libg_nano.a(lib_a-strtol.o)
 .debug_frame   0x0000000000001210       0x4c /home/mastermatheus/opt/xPacks/@xpack-dev-tools/arm-none-eabi-gcc/9.2.1-1.1.1/.content/bin/../lib/gcc/arm-none-eabi/9.2.1/../../../../arm-none-eabi/lib/thumb/v7e-m/nofp/libg_nano.a(lib_a-vsnprintf.o)
 .debug_frame   0x000000000000125c       0x30 /home/mastermatheus/opt/xPacks/@xpack-dev-tools/arm-none-eabi-gcc/9.2.1-1.1.1/.content/bin/../lib/gcc/arm-none-eabi/9.2.1/../../../../arm-none-eabi/lib/thumb/v7e-m/nofp/libg_nano.a(lib_a-mlock.o)
 .debug_frame   0x000000000000128c       0x38 /home/mastermatheus/opt/xPacks/@xpack-dev-tools/arm-none-eabi-gcc/9.2.1-1.1.1/.content/bin/../lib/gcc/arm-none-eabi/9.2.1/../../../../arm-none-eabi/lib/thumb/v7e-m/nofp/libg_nano.a(lib_a-nano-freer.o)
 .debug_frame   0x00000000000012c4       0x90 /home/mastermatheus/opt/xPacks/@xpack-dev-tools/arm-none-eabi-gcc/9.2.1-1.1.1/.content/bin/../lib/gcc/arm-none-eabi/9.2.1/../../../../arm-none-eabi/lib/thumb/v7e-m/nofp/libg_nano.a(lib_a-nano-svfprintf.o)
 .debug_frame   0x0000000000001354       0x60 /home/mastermatheus/opt/xPacks/@xpack-dev-tools/arm-none-eabi-gcc/9.2.1-1.1.1/.content/bin/../lib/gcc/arm-none-eabi/9.2.1/../../../../arm-none-eabi/lib/thumb/v7e-m/nofp/libg_nano.a(lib_a-nano-vfprintf_i.o)
 .debug_frame   0x00000000000013b4       0x28 /home/mastermatheus/opt/xPacks/@xpack-dev-tools/arm-none-eabi-gcc/9.2.1-1.1.1/.content/bin/../lib/gcc/arm-none-eabi/9.2.1/../../../../arm-none-eabi/lib/thumb/v7e-m/nofp/libg_nano.a(lib_a-memcpy-stub.o)
 .debug_frame   0x00000000000013dc       0x28 /home/mastermatheus/opt/xPacks/@xpack-dev-tools/arm-none-eabi-gcc/9.2.1-1.1.1/.content/bin/../lib/gcc/arm-none-eabi/9.2.1/../../../../arm-none-eabi/lib/thumb/v7e-m/nofp/libg_nano.a(lib_a-memmove.o)
 .debug_frame   0x0000000000001404       0x3c /home/mastermatheus/opt/xPacks/@xpack-dev-tools/arm-none-eabi-gcc/9.2.1-1.1.1/.content/bin/../lib/gcc/arm-none-eabi/9.2.1/../../../../arm-none-eabi/lib/thumb/v7e-m/nofp/libg_nano.a(lib_a-nano-reallocr.o)
 .debug_frame   0x0000000000001440       0x20 /home/mastermatheus/opt/xPacks/@xpack-dev-tools/arm-none-eabi-gcc/9.2.1-1.1.1/.content/bin/../lib/gcc/arm-none-eabi/9.2.1/../../../../arm-none-eabi/lib/thumb/v7e-m/nofp/libg_nano.a(lib_a-nano-msizer.o)

.debug_str      0x0000000000000000    0x748f4
 *(.debug_str)
 .debug_str     0x0000000000000000    0x6fc44 ./system/src/stm32f4-hal/stm32f4xx_hal.o
                                      0x70053 (size before relaxing)
 .debug_str     0x000000000006fc44      0x3a1 ./system/src/stm32f4-hal/stm32f4xx_hal_cortex.o
                                      0x6fed2 (size before relaxing)
 .debug_str     0x000000000006ffe5      0x2dd ./system/src/stm32f4-hal/stm32f4xx_hal_gpio.o
                                      0x6fa5c (size before relaxing)
 .debug_str     0x00000000000702c2      0x393 ./system/src/stm32f4-hal/stm32f4xx_hal_rcc.o
                                      0x6fbea (size before relaxing)
 .debug_str     0x0000000000070655     0x10fa ./system/src/newlib/_exit.o
                                       0x7f03 (size before relaxing)
 .debug_str     0x000000000007174f      0x4f5 ./system/src/newlib/_sbrk.o
                                       0x72b5 (size before relaxing)
 .debug_str     0x0000000000071c44      0x2c6 ./system/src/newlib/_startup.o
                                       0x69fd (size before relaxing)
 .debug_str     0x0000000000071f0a     0x2052 ./system/src/newlib/_syscalls.o
                                       0xb423 (size before relaxing)
 .debug_str     0x0000000000073f5c       0xd0 ./system/src/newlib/assert.o
                                       0x89b9 (size before relaxing)
 .debug_str     0x000000000007402c      0x156 ./system/src/diag/Trace.o
                                       0x867b (size before relaxing)
 .debug_str     0x0000000000074182       0xa2 ./system/src/diag/trace_impl.o
                                      0x70952 (size before relaxing)
 .debug_str     0x0000000000074224       0x5e ./system/src/cortexm/_initialize_hardware.o
                                      0x6f6ee (size before relaxing)
 .debug_str     0x0000000000074282      0x1dc ./system/src/cortexm/exception_handlers.o
                                      0x70b4d (size before relaxing)
 .debug_str     0x000000000007445e       0x46 ./system/src/cmsis/system_stm32f4xx.o
                                      0x6f7cf (size before relaxing)
 .debug_str     0x00000000000744a4       0x59 ./system/src/cmsis/vectors_stm32f401xc.o
                                       0x3dd0 (size before relaxing)
 .debug_str     0x00000000000744fd       0x31 ./src/_initialize_hardware.o
                                      0x6f8e5 (size before relaxing)
 .debug_str     0x000000000007452e      0x1ab ./src/main.o
                                      0x7085c (size before relaxing)
 .debug_str     0x00000000000746d9       0xf0 ./src/stm32f401_clock.o
                                      0x6f80f (size before relaxing)
 .debug_str     0x00000000000747c9       0x40 ./src/stm32f401_gpio.o
                                      0x6f732 (size before relaxing)
 .debug_str     0x0000000000074809       0x4f ./src/stm32f401_led.o
                                      0x6f885 (size before relaxing)
 .debug_str     0x0000000000074858       0x5f ./src/stm32f401_timer.o
                                      0x6fb6d (size before relaxing)
 .debug_str     0x00000000000748b7       0x3d ./src/stm32f4xx_hal_msp.o
                                      0x6f62c (size before relaxing)

.debug_loc      0x0000000000000000     0x3e22
 *(.debug_loc)
 .debug_loc     0x0000000000000000       0xdb ./system/src/stm32f4-hal/stm32f4xx_hal.o
 .debug_loc     0x00000000000000db      0x8ef ./system/src/stm32f4-hal/stm32f4xx_hal_cortex.o
 .debug_loc     0x00000000000009ca      0x683 ./system/src/stm32f4-hal/stm32f4xx_hal_gpio.o
 .debug_loc     0x000000000000104d      0x7a1 ./system/src/stm32f4-hal/stm32f4xx_hal_rcc.o
 .debug_loc     0x00000000000017ee       0x15 ./system/src/newlib/_exit.o
 .debug_loc     0x0000000000001803       0x97 ./system/src/newlib/_sbrk.o
 .debug_loc     0x000000000000189a      0x49b ./system/src/newlib/_startup.o
 .debug_loc     0x0000000000001d35     0x1441 ./system/src/newlib/_syscalls.o
 .debug_loc     0x0000000000003176      0x160 ./system/src/newlib/assert.o
 .debug_loc     0x00000000000032d6      0x118 ./system/src/diag/Trace.o
 .debug_loc     0x00000000000033ee      0x194 ./system/src/diag/trace_impl.o
 .debug_loc     0x0000000000003582      0x524 ./system/src/cortexm/exception_handlers.o
 .debug_loc     0x0000000000003aa6      0x16c ./system/src/cmsis/system_stm32f4xx.o
 .debug_loc     0x0000000000003c12      0x119 ./src/main.o
 .debug_loc     0x0000000000003d2b       0x25 ./src/stm32f401_gpio.o
 .debug_loc     0x0000000000003d50       0x6f ./src/stm32f401_led.o
 .debug_loc     0x0000000000003dbf       0x63 ./src/stm32f401_timer.o

.debug_macinfo
 *(.debug_macinfo)

.debug_weaknames
 *(.debug_weaknames)

.debug_funcnames
 *(.debug_funcnames)

.debug_typenames
 *(.debug_typenames)

.debug_varnames
 *(.debug_varnames)
OUTPUT(arm_stm32_f401_discovery.elf elf32-littlearm)

.debug_ranges   0x0000000000000000      0x610
 .debug_ranges  0x0000000000000000       0xb0 ./system/src/stm32f4-hal/stm32f4xx_hal.o
 .debug_ranges  0x00000000000000b0       0xe8 ./system/src/stm32f4-hal/stm32f4xx_hal_cortex.o
 .debug_ranges  0x0000000000000198       0x48 ./system/src/stm32f4-hal/stm32f4xx_hal_gpio.o
 .debug_ranges  0x00000000000001e0       0x78 ./system/src/stm32f4-hal/stm32f4xx_hal_rcc.o
 .debug_ranges  0x0000000000000258       0x18 ./system/src/newlib/_exit.o
 .debug_ranges  0x0000000000000270       0x10 ./system/src/newlib/_sbrk.o
 .debug_ranges  0x0000000000000280       0x78 ./system/src/newlib/_startup.o
 .debug_ranges  0x00000000000002f8      0x128 ./system/src/newlib/_syscalls.o
 .debug_ranges  0x0000000000000420       0x18 ./system/src/newlib/assert.o
 .debug_ranges  0x0000000000000438       0x28 ./system/src/diag/Trace.o
 .debug_ranges  0x0000000000000460       0x38 ./system/src/diag/trace_impl.o
 .debug_ranges  0x0000000000000498       0x18 ./system/src/cortexm/_initialize_hardware.o
 .debug_ranges  0x00000000000004b0       0x80 ./system/src/cortexm/exception_handlers.o
 .debug_ranges  0x0000000000000530       0x18 ./system/src/cmsis/system_stm32f4xx.o
 .debug_ranges  0x0000000000000548       0x10 ./system/src/cmsis/vectors_stm32f401xc.o
 .debug_ranges  0x0000000000000558       0x18 ./src/_initialize_hardware.o
 .debug_ranges  0x0000000000000570       0x10 ./src/main.o
 .debug_ranges  0x0000000000000580       0x10 ./src/stm32f401_clock.o
 .debug_ranges  0x0000000000000590       0x10 ./src/stm32f401_gpio.o
 .debug_ranges  0x00000000000005a0       0x18 ./src/stm32f401_led.o
 .debug_ranges  0x00000000000005b8       0x30 ./src/stm32f401_timer.o
 .debug_ranges  0x00000000000005e8       0x28 ./src/stm32f4xx_hal_msp.o

.debug_macro    0x0000000000000000    0x17468
 .debug_macro   0x0000000000000000      0x547 ./system/src/stm32f4-hal/stm32f4xx_hal.o
 .debug_macro   0x0000000000000547      0xab4 ./system/src/stm32f4-hal/stm32f4xx_hal.o
 .debug_macro   0x0000000000000ffb      0x289 ./system/src/stm32f4-hal/stm32f4xx_hal.o
 .debug_macro   0x0000000000001284       0x31 ./system/src/stm32f4-hal/stm32f4xx_hal.o
 .debug_macro   0x00000000000012b5       0x28 ./system/src/stm32f4-hal/stm32f4xx_hal.o
 .debug_macro   0x00000000000012dd       0x22 ./system/src/stm32f4-hal/stm32f4xx_hal.o
 .debug_macro   0x00000000000012ff       0x8e ./system/src/stm32f4-hal/stm32f4xx_hal.o
 .debug_macro   0x000000000000138d       0x51 ./system/src/stm32f4-hal/stm32f4xx_hal.o
 .debug_macro   0x00000000000013de       0xef ./system/src/stm32f4-hal/stm32f4xx_hal.o
 .debug_macro   0x00000000000014cd       0x6a ./system/src/stm32f4-hal/stm32f4xx_hal.o
 .debug_macro   0x0000000000001537      0x1df ./system/src/stm32f4-hal/stm32f4xx_hal.o
 .debug_macro   0x0000000000001716       0x35 ./system/src/stm32f4-hal/stm32f4xx_hal.o
 .debug_macro   0x000000000000174b       0x50 ./system/src/stm32f4-hal/stm32f4xx_hal.o
 .debug_macro   0x000000000000179b      0xe66 ./system/src/stm32f4-hal/stm32f4xx_hal.o
 .debug_macro   0x0000000000002601     0x5099 ./system/src/stm32f4-hal/stm32f4xx_hal.o
 .debug_macro   0x000000000000769a       0x43 ./system/src/stm32f4-hal/stm32f4xx_hal.o
 .debug_macro   0x00000000000076dd     0x347f ./system/src/stm32f4-hal/stm32f4xx_hal.o
 .debug_macro   0x000000000000ab5c       0x64 ./system/src/stm32f4-hal/stm32f4xx_hal.o
 .debug_macro   0x000000000000abc0       0x18 ./system/src/stm32f4-hal/stm32f4xx_hal.o
 .debug_macro   0x000000000000abd8       0x35 ./system/src/stm32f4-hal/stm32f4xx_hal.o
 .debug_macro   0x000000000000ac0d       0x34 ./system/src/stm32f4-hal/stm32f4xx_hal.o
 .debug_macro   0x000000000000ac41       0x16 ./system/src/stm32f4-hal/stm32f4xx_hal.o
 .debug_macro   0x000000000000ac57       0x97 ./system/src/stm32f4-hal/stm32f4xx_hal.o
 .debug_macro   0x000000000000acee      0x339 ./system/src/stm32f4-hal/stm32f4xx_hal.o
 .debug_macro   0x000000000000b027       0xfd ./system/src/stm32f4-hal/stm32f4xx_hal.o
 .debug_macro   0x000000000000b124       0x10 ./system/src/stm32f4-hal/stm32f4xx_hal.o
 .debug_macro   0x000000000000b134       0x58 ./system/src/stm32f4-hal/stm32f4xx_hal.o
 .debug_macro   0x000000000000b18c       0x1f ./system/src/stm32f4-hal/stm32f4xx_hal.o
 .debug_macro   0x000000000000b1ab       0x43 ./system/src/stm32f4-hal/stm32f4xx_hal.o
 .debug_macro   0x000000000000b1ee       0x20 ./system/src/stm32f4-hal/stm32f4xx_hal.o
 .debug_macro   0x000000000000b20e      0x18e ./system/src/stm32f4-hal/stm32f4xx_hal.o
 .debug_macro   0x000000000000b39c       0x10 ./system/src/stm32f4-hal/stm32f4xx_hal.o
 .debug_macro   0x000000000000b3ac       0x1c ./system/src/stm32f4-hal/stm32f4xx_hal.o
 .debug_macro   0x000000000000b3c8       0x52 ./system/src/stm32f4-hal/stm32f4xx_hal.o
 .debug_macro   0x000000000000b41a       0x40 ./system/src/stm32f4-hal/stm32f4xx_hal.o
 .debug_macro   0x000000000000b45a       0x10 ./system/src/stm32f4-hal/stm32f4xx_hal.o
 .debug_macro   0x000000000000b46a       0x40 ./system/src/stm32f4-hal/stm32f4xx_hal.o
 .debug_macro   0x000000000000b4aa       0xd7 ./system/src/stm32f4-hal/stm32f4xx_hal.o
 .debug_macro   0x000000000000b581       0x1c ./system/src/stm32f4-hal/stm32f4xx_hal.o
 .debug_macro   0x000000000000b59d       0x3d ./system/src/stm32f4-hal/stm32f4xx_hal.o
 .debug_macro   0x000000000000b5da       0x16 ./system/src/stm32f4-hal/stm32f4xx_hal.o
 .debug_macro   0x000000000000b5f0      0x16f ./system/src/stm32f4-hal/stm32f4xx_hal.o
 .debug_macro   0x000000000000b75f       0x57 ./system/src/stm32f4-hal/stm32f4xx_hal.o
 .debug_macro   0x000000000000b7b6      0x424 ./system/src/stm32f4-hal/stm32f4xx_hal.o
 .debug_macro   0x000000000000bbda      0x9e1 ./system/src/stm32f4-hal/stm32f4xx_hal.o
 .debug_macro   0x000000000000c5bb      0x11e ./system/src/stm32f4-hal/stm32f4xx_hal.o
 .debug_macro   0x000000000000c6d9       0xf8 ./system/src/stm32f4-hal/stm32f4xx_hal.o
 .debug_macro   0x000000000000c7d1       0x27 ./system/src/stm32f4-hal/stm32f4xx_hal.o
 .debug_macro   0x000000000000c7f8      0x287 ./system/src/stm32f4-hal/stm32f4xx_hal.o
 .debug_macro   0x000000000000ca7f       0x5f ./system/src/stm32f4-hal/stm32f4xx_hal.o
 .debug_macro   0x000000000000cade      0x23a ./system/src/stm32f4-hal/stm32f4xx_hal.o
 .debug_macro   0x000000000000cd18      0x391 ./system/src/stm32f4-hal/stm32f4xx_hal.o
 .debug_macro   0x000000000000d0a9      0x16f ./system/src/stm32f4-hal/stm32f4xx_hal.o
 .debug_macro   0x000000000000d218       0xf9 ./system/src/stm32f4-hal/stm32f4xx_hal.o
 .debug_macro   0x000000000000d311       0x23 ./system/src/stm32f4-hal/stm32f4xx_hal.o
 .debug_macro   0x000000000000d334      0x13a ./system/src/stm32f4-hal/stm32f4xx_hal.o
 .debug_macro   0x000000000000d46e      0x23a ./system/src/stm32f4-hal/stm32f4xx_hal.o
 .debug_macro   0x000000000000d6a8       0x2e ./system/src/stm32f4-hal/stm32f4xx_hal.o
 .debug_macro   0x000000000000d6d6      0x1a7 ./system/src/stm32f4-hal/stm32f4xx_hal.o
 .debug_macro   0x000000000000d87d       0x22 ./system/src/stm32f4-hal/stm32f4xx_hal.o
 .debug_macro   0x000000000000d89f       0xa5 ./system/src/stm32f4-hal/stm32f4xx_hal.o
 .debug_macro   0x000000000000d944      0x18b ./system/src/stm32f4-hal/stm32f4xx_hal.o
 .debug_macro   0x000000000000dacf       0x24 ./system/src/stm32f4-hal/stm32f4xx_hal.o
 .debug_macro   0x000000000000daf3       0x35 ./system/src/stm32f4-hal/stm32f4xx_hal.o
 .debug_macro   0x000000000000db28       0x79 ./system/src/stm32f4-hal/stm32f4xx_hal.o
 .debug_macro   0x000000000000dba1      0x11e ./system/src/stm32f4-hal/stm32f4xx_hal.o
 .debug_macro   0x000000000000dcbf       0x85 ./system/src/stm32f4-hal/stm32f4xx_hal.o
 .debug_macro   0x000000000000dd44       0x89 ./system/src/stm32f4-hal/stm32f4xx_hal.o
 .debug_macro   0x000000000000ddcd      0x31a ./system/src/stm32f4-hal/stm32f4xx_hal.o
 .debug_macro   0x000000000000e0e7      0x409 ./system/src/stm32f4-hal/stm32f4xx_hal.o
 .debug_macro   0x000000000000e4f0       0xe4 ./system/src/stm32f4-hal/stm32f4xx_hal.o
 .debug_macro   0x000000000000e5d4      0x48d ./system/src/stm32f4-hal/stm32f4xx_hal.o
 .debug_macro   0x000000000000ea61      0x22b ./system/src/stm32f4-hal/stm32f4xx_hal.o
 .debug_macro   0x000000000000ec8c      0x202 ./system/src/stm32f4-hal/stm32f4xx_hal.o
 .debug_macro   0x000000000000ee8e      0x6d9 ./system/src/stm32f4-hal/stm32f4xx_hal.o
 .debug_macro   0x000000000000f567       0x5b ./system/src/stm32f4-hal/stm32f4xx_hal.o
 .debug_macro   0x000000000000f5c2      0x14d ./system/src/stm32f4-hal/stm32f4xx_hal.o
 .debug_macro   0x000000000000f70f      0x287 ./system/src/stm32f4-hal/stm32f4xx_hal.o
 .debug_macro   0x000000000000f996      0x225 ./system/src/stm32f4-hal/stm32f4xx_hal.o
 .debug_macro   0x000000000000fbbb      0x1b5 ./system/src/stm32f4-hal/stm32f4xx_hal.o
 .debug_macro   0x000000000000fd70      0x2db ./system/src/stm32f4-hal/stm32f4xx_hal.o
 .debug_macro   0x000000000001004b       0x89 ./system/src/stm32f4-hal/stm32f4xx_hal.o
 .debug_macro   0x00000000000100d4      0x1df ./system/src/stm32f4-hal/stm32f4xx_hal.o
 .debug_macro   0x00000000000102b3      0x115 ./system/src/stm32f4-hal/stm32f4xx_hal.o
 .debug_macro   0x00000000000103c8       0x6e ./system/src/stm32f4-hal/stm32f4xx_hal.o
 .debug_macro   0x0000000000010436      0x11e ./system/src/stm32f4-hal/stm32f4xx_hal.o
 .debug_macro   0x0000000000010554      0x4f9 ./system/src/stm32f4-hal/stm32f4xx_hal_cortex.o
 .debug_macro   0x0000000000010a4d      0x531 ./system/src/stm32f4-hal/stm32f4xx_hal_gpio.o
 .debug_macro   0x0000000000010f7e      0x523 ./system/src/stm32f4-hal/stm32f4xx_hal_rcc.o
 .debug_macro   0x00000000000114a1      0x1b4 ./system/src/newlib/_exit.o
 .debug_macro   0x0000000000011655      0x10e ./system/src/newlib/_exit.o
 .debug_macro   0x0000000000011763       0x8d ./system/src/newlib/_exit.o
 .debug_macro   0x00000000000117f0       0x35 ./system/src/newlib/_exit.o
 .debug_macro   0x0000000000011825      0x169 ./system/src/newlib/_sbrk.o
 .debug_macro   0x000000000001198e      0x174 ./system/src/newlib/_sbrk.o
 .debug_macro   0x0000000000011b02       0x10 ./system/src/newlib/_sbrk.o
 .debug_macro   0x0000000000011b12      0x23b ./system/src/newlib/_sbrk.o
 .debug_macro   0x0000000000011d4d      0x188 ./system/src/newlib/_startup.o
 .debug_macro   0x0000000000011ed5      0xaba ./system/src/newlib/_startup.o
 .debug_macro   0x000000000001298f      0x2e3 ./system/src/newlib/_syscalls.o
 .debug_macro   0x0000000000012c72       0x10 ./system/src/newlib/_syscalls.o
 .debug_macro   0x0000000000012c82       0x10 ./system/src/newlib/_syscalls.o
 .debug_macro   0x0000000000012c92       0x10 ./system/src/newlib/_syscalls.o
 .debug_macro   0x0000000000012ca2       0x35 ./system/src/newlib/_syscalls.o
 .debug_macro   0x0000000000012cd7      0x122 ./system/src/newlib/_syscalls.o
 .debug_macro   0x0000000000012df9      0x22a ./system/src/newlib/_syscalls.o
 .debug_macro   0x0000000000013023       0x10 ./system/src/newlib/_syscalls.o
 .debug_macro   0x0000000000013033       0x1c ./system/src/newlib/_syscalls.o
 .debug_macro   0x000000000001304f       0x10 ./system/src/newlib/_syscalls.o
 .debug_macro   0x000000000001305f       0x16 ./system/src/newlib/_syscalls.o
 .debug_macro   0x0000000000013075       0x88 ./system/src/newlib/_syscalls.o
 .debug_macro   0x00000000000130fd      0x241 ./system/src/newlib/_syscalls.o
 .debug_macro   0x000000000001333e       0x16 ./system/src/newlib/_syscalls.o
 .debug_macro   0x0000000000013354       0x3a ./system/src/newlib/_syscalls.o
 .debug_macro   0x000000000001338e      0x11f ./system/src/newlib/_syscalls.o
 .debug_macro   0x00000000000134ad      0x189 ./system/src/newlib/_syscalls.o
 .debug_macro   0x0000000000013636       0x16 ./system/src/newlib/_syscalls.o
 .debug_macro   0x000000000001364c       0x22 ./system/src/newlib/_syscalls.o
 .debug_macro   0x000000000001366e      0x1df ./system/src/newlib/assert.o
 .debug_macro   0x000000000001384d       0x1c ./system/src/newlib/assert.o
 .debug_macro   0x0000000000013869      0x1fb ./system/src/diag/Trace.o
 .debug_macro   0x0000000000013a64       0x4c ./system/src/diag/Trace.o
 .debug_macro   0x0000000000013ab0      0x53f ./system/src/diag/trace_impl.o
 .debug_macro   0x0000000000013fef      0x503 ./system/src/cortexm/_initialize_hardware.o
 .debug_macro   0x00000000000144f2      0x581 ./system/src/cortexm/exception_handlers.o
 .debug_macro   0x0000000000014a73       0x3b ./system/src/cortexm/exception_handlers.o
 .debug_macro   0x0000000000014aae      0x4ff ./system/src/cmsis/system_stm32f4xx.o
 .debug_macro   0x0000000000014fad       0x73 ./system/src/cmsis/vectors_stm32f401xc.o
 .debug_macro   0x0000000000015020      0x4f9 ./src/_initialize_hardware.o
 .debug_macro   0x0000000000015519      0x5a6 ./src/main.o
 .debug_macro   0x0000000000015abf       0x22 ./src/main.o
 .debug_macro   0x0000000000015ae1       0x10 ./src/main.o
 .debug_macro   0x0000000000015af1      0x517 ./src/stm32f401_clock.o
 .debug_macro   0x0000000000016008      0x521 ./src/stm32f401_gpio.o
 .debug_macro   0x0000000000016529      0x53a ./src/stm32f401_led.o
 .debug_macro   0x0000000000016a63      0x50c ./src/stm32f401_timer.o
 .debug_macro   0x0000000000016f6f      0x4f9 ./src/stm32f4xx_hal_msp.o
